Archive member included to satisfy reference by file (symbol)

c:/program files (x86)/gnu arm embedded toolchain/10 2020-q4-major/bin/../lib/gcc/arm-none-eabi/10.2.1/thumb/v7e-m+fp/hard\libgcc.a(_arm_muldf3.o)
                              output\\ql_test_signals.o (__aeabi_dmul)
c:/program files (x86)/gnu arm embedded toolchain/10 2020-q4-major/bin/../lib/gcc/arm-none-eabi/10.2.1/thumb/v7e-m+fp/hard\libgcc.a(_arm_addsubdf3.o)
                              output\\ql_test_signals.o (__aeabi_dadd)
c:/program files (x86)/gnu arm embedded toolchain/10 2020-q4-major/bin/../lib/gcc/arm-none-eabi/10.2.1/thumb/v7e-m+fp/hard\libgcc.a(_arm_muldivdf3.o)
                              output\\eoss3_hal_i2c.o (__aeabi_ddiv)
c:/program files (x86)/gnu arm embedded toolchain/10 2020-q4-major/bin/../lib/gcc/arm-none-eabi/10.2.1/thumb/v7e-m+fp/hard\libgcc.a(_arm_fixdfsi.o)
                              output\\ql_test_signals.o (__aeabi_d2iz)
c:/program files (x86)/gnu arm embedded toolchain/10 2020-q4-major/bin/../lib/gcc/arm-none-eabi/10.2.1/thumb/v7e-m+fp/hard\libgcc.a(_arm_truncdfsf2.o)
                              output\\eoss3_hal_i2c.o (__aeabi_d2f)
c:/program files (x86)/gnu arm embedded toolchain/10 2020-q4-major/bin/../lib/gcc/arm-none-eabi/10.2.1/thumb/v7e-m+fp/hard\libgcc.a(_aeabi_ldivmod.o)
                              output\\dbg_uart.o (__aeabi_ldivmod)
c:/program files (x86)/gnu arm embedded toolchain/10 2020-q4-major/bin/../lib/gcc/arm-none-eabi/10.2.1/thumb/v7e-m+fp/hard\libgcc.a(_aeabi_uldivmod.o)
                              output\\s3x_lpm.o (__aeabi_uldivmod)
c:/program files (x86)/gnu arm embedded toolchain/10 2020-q4-major/bin/../lib/gcc/arm-none-eabi/10.2.1/thumb/v7e-m+fp/hard\libgcc.a(_udivmoddi4.o)
                              c:/program files (x86)/gnu arm embedded toolchain/10 2020-q4-major/bin/../lib/gcc/arm-none-eabi/10.2.1/thumb/v7e-m+fp/hard\libgcc.a(_aeabi_ldivmod.o) (__udivmoddi4)
c:/program files (x86)/gnu arm embedded toolchain/10 2020-q4-major/bin/../lib/gcc/arm-none-eabi/10.2.1/thumb/v7e-m+fp/hard\libgcc.a(_dvmd_tls.o)
                              c:/program files (x86)/gnu arm embedded toolchain/10 2020-q4-major/bin/../lib/gcc/arm-none-eabi/10.2.1/thumb/v7e-m+fp/hard\libgcc.a(_aeabi_ldivmod.o) (__aeabi_ldiv0)
c:/program files (x86)/gnu arm embedded toolchain/10 2020-q4-major/bin/../lib/gcc/arm-none-eabi/10.2.1/../../../../arm-none-eabi/lib/thumb/v7e-m+fp/hard\libg_nano.a(lib_a-exit.o)
                              c:/program files (x86)/gnu arm embedded toolchain/10 2020-q4-major/bin/../lib/gcc/arm-none-eabi/10.2.1/../../../../arm-none-eabi/lib/thumb/v7e-m+fp/hard/crt0.o (exit)
c:/program files (x86)/gnu arm embedded toolchain/10 2020-q4-major/bin/../lib/gcc/arm-none-eabi/10.2.1/../../../../arm-none-eabi/lib/thumb/v7e-m+fp/hard\libg_nano.a(lib_a-impure.o)
                              c:/program files (x86)/gnu arm embedded toolchain/10 2020-q4-major/bin/../lib/gcc/arm-none-eabi/10.2.1/../../../../arm-none-eabi/lib/thumb/v7e-m+fp/hard\libg_nano.a(lib_a-exit.o) (_global_impure_ptr)
c:/program files (x86)/gnu arm embedded toolchain/10 2020-q4-major/bin/../lib/gcc/arm-none-eabi/10.2.1/../../../../arm-none-eabi/lib/thumb/v7e-m+fp/hard\libg_nano.a(lib_a-init.o)
                              c:/program files (x86)/gnu arm embedded toolchain/10 2020-q4-major/bin/../lib/gcc/arm-none-eabi/10.2.1/../../../../arm-none-eabi/lib/thumb/v7e-m+fp/hard/crt0.o (__libc_init_array)
c:/program files (x86)/gnu arm embedded toolchain/10 2020-q4-major/bin/../lib/gcc/arm-none-eabi/10.2.1/../../../../arm-none-eabi/lib/thumb/v7e-m+fp/hard\libg_nano.a(lib_a-malloc.o)
                              output\\circularBuffQueue.o (malloc)
c:/program files (x86)/gnu arm embedded toolchain/10 2020-q4-major/bin/../lib/gcc/arm-none-eabi/10.2.1/../../../../arm-none-eabi/lib/thumb/v7e-m+fp/hard\libg_nano.a(lib_a-memcpy-stub.o)
                              output\\cli_args.o (memcpy)
c:/program files (x86)/gnu arm embedded toolchain/10 2020-q4-major/bin/../lib/gcc/arm-none-eabi/10.2.1/../../../../arm-none-eabi/lib/thumb/v7e-m+fp/hard\libg_nano.a(lib_a-memmove.o)
                              output\\cli_io.o (memmove)
c:/program files (x86)/gnu arm embedded toolchain/10 2020-q4-major/bin/../lib/gcc/arm-none-eabi/10.2.1/../../../../arm-none-eabi/lib/thumb/v7e-m+fp/hard\libg_nano.a(lib_a-memset.o)
                              c:/program files (x86)/gnu arm embedded toolchain/10 2020-q4-major/bin/../lib/gcc/arm-none-eabi/10.2.1/../../../../arm-none-eabi/lib/thumb/v7e-m+fp/hard/crt0.o (memset)
c:/program files (x86)/gnu arm embedded toolchain/10 2020-q4-major/bin/../lib/gcc/arm-none-eabi/10.2.1/../../../../arm-none-eabi/lib/thumb/v7e-m+fp/hard\libg_nano.a(lib_a-nano-freer.o)
                              c:/program files (x86)/gnu arm embedded toolchain/10 2020-q4-major/bin/../lib/gcc/arm-none-eabi/10.2.1/../../../../arm-none-eabi/lib/thumb/v7e-m+fp/hard\libg_nano.a(lib_a-malloc.o) (_free_r)
[...]
Memory Configuration

Name             Origin             Length             Attributes
rom              0x00000000         0x00027000         xr
ram              0x20027000         0x0003c800         xrw
spiram           0x20063800         0x00000800         rw
HWA              0x20064000         0x00018000         rw
shm              0x2007c000         0x00004000
*default*        0x00000000         0xffffffff

Linker script and memory map

LOAD c:/program files (x86)/gnu arm embedded toolchain/10 2020-q4-major/bin/../lib/gcc/arm-none-eabi/10.2.1/thumb/v7e-m+fp/hard/crti.o
LOAD c:/program files (x86)/gnu arm embedded toolchain/10 2020-q4-major/bin/../lib/gcc/arm-none-eabi/10.2.1/thumb/v7e-m+fp/hard/crtbegin.o
LOAD c:/program files (x86)/gnu arm embedded toolchain/10 2020-q4-major/bin/../lib/gcc/arm-none-eabi/10.2.1/../../../../arm-none-eabi/lib/thumb/v7e-m+fp/hard/crt0.o
LOAD output\\c_lib_retarget.o
LOAD output\\circularBuffQueue.o
LOAD output\\cli_args.o
LOAD output\\cli_hexdump.o
LOAD output\\cli_io.o
LOAD output\\cli_loop.o
LOAD output\\cli_misc.o
LOAD output\\cli_platform.o
LOAD output\\cli_stdcmds.o
LOAD output\\crc16.o
LOAD output\\crc32.o
LOAD output\\croutine.o
LOAD output\\dbg_bufferedprinttask.o
LOAD output\\dbg_queue_monitor.o
LOAD output\\dbg_uart.o
LOAD output\\dbgtrace.o
LOAD output\\eoss3_hal_adc.o
LOAD output\\eoss3_hal_fpga_usbserial.o
LOAD output\\eoss3_hal_gpio.o
LOAD output\\eoss3_hal_i2c.o
LOAD output\\eoss3_hal_i2s.o
LOAD output\\eoss3_hal_i2s_slave_assp.o
LOAD output\\eoss3_hal_pad_config.o
LOAD output\\eoss3_hal_pkfb.o
LOAD output\\eoss3_hal_rtc.o
LOAD output\\eoss3_hal_sdma.o
LOAD output\\eoss3_hal_spi.o
LOAD output\\eoss3_hal_timer.o
LOAD output\\eoss3_hal_uart.o
LOAD output\\eoss3_hal_wb.o
LOAD output\\eoss3_hal_wdt.o
LOAD output\\event_groups.o
LOAD output\\exceptions.o
LOAD output\\fpga_loader.o
LOAD output\\freertos_static_memory.o
LOAD output\\hackster_app.o
LOAD output\\heap_4.o
LOAD output\\hearable_pwrcfg.o
LOAD output\\leds.o
LOAD output\\list.o
LOAD output\\main.o
LOAD output\\main_dbg_cli_menu.o
LOAD output\\pincfg_table.o
LOAD output\\port.o
LOAD output\\qf_baremetalsetup.o
LOAD output\\qf_hardwaresetup.o
LOAD output\\ql_base64.o
LOAD output\\ql_stackwatermark.o
LOAD output\\ql_test_signals.o
LOAD output\\ql_time.o
LOAD output\\queue.o
LOAD output\\s3x_clock.o
LOAD output\\s3x_clock_hal.o
LOAD output\\s3x_cpuload.o
LOAD output\\s3x_dfs.o
LOAD output\\s3x_lpm.o
LOAD output\\s3x_pi.o
LOAD output\\s3x_pwrcfg.o
LOAD output\\s3x_qos.o
LOAD output\\sec_debug.o
LOAD output\\spi_app.o
LOAD output\\spi_flash.o
LOAD output\\startup_EOSS3B_GCC.o
LOAD output\\stream_buffer.o
LOAD output\\tasks.o
LOAD output\\timers.o
LOAD output\\usb2serial.o
LOAD output\\vectors_CM4F_gcc.o
LOAD output\\watchdog.o
LOAD c:/program files (x86)/gnu arm embedded toolchain/10 2020-q4-major/bin/../lib/gcc/arm-none-eabi/10.2.1/../../../../arm-none-eabi/lib/thumb/v7e-m+fp/hard\libm.a
LOAD D:\Hackster\ClimateChallenge\qorc-sdk\qf_apps\Hackster_Climate_Challenge\GCC_Project\..\..\..\\Libraries\\CMSIS\\lib\\GCC\libarm_cortexM4lf_math.a
START GROUP
LOAD c:/program files (x86)/gnu arm embedded toolchain/10 2020-q4-major/bin/../lib/gcc/arm-none-eabi/10.2.1/thumb/v7e-m+fp/hard\libgcc.a
LOAD c:/program files (x86)/gnu arm embedded toolchain/10 2020-q4-major/bin/../lib/gcc/arm-none-eabi/10.2.1/../../../../arm-none-eabi/lib/thumb/v7e-m+fp/hard\libg_nano.a
LOAD c:/program files (x86)/gnu arm embedded toolchain/10 2020-q4-major/bin/../lib/gcc/arm-none-eabi/10.2.1/../../../../arm-none-eabi/lib/thumb/v7e-m+fp/hard\libc_nano.a
END GROUP
START GROUP
LOAD c:/program files (x86)/gnu arm embedded toolchain/10 2020-q4-major/bin/../lib/gcc/arm-none-eabi/10.2.1/thumb/v7e-m+fp/hard\libgcc.a
LOAD c:/program files (x86)/gnu arm embedded toolchain/10 2020-q4-major/bin/../lib/gcc/arm-none-eabi/10.2.1/../../../../arm-none-eabi/lib/thumb/v7e-m+fp/hard\libc_nano.a
LOAD c:/program files (x86)/gnu arm embedded toolchain/10 2020-q4-major/bin/../lib/gcc/arm-none-eabi/10.2.1/../../../../arm-none-eabi/lib/thumb/v7e-m+fp/hard\libnosys.a
END GROUP
START GROUP
LOAD c:/program files (x86)/gnu arm embedded toolchain/10 2020-q4-major/bin/../lib/gcc/arm-none-eabi/10.2.1/thumb/v7e-m+fp/hard\libgcc.a
LOAD c:/program files (x86)/gnu arm embedded toolchain/10 2020-q4-major/bin/../lib/gcc/arm-none-eabi/10.2.1/../../../../arm-none-eabi/lib/thumb/v7e-m+fp/hard\libc_nano.a
LOAD c:/program files (x86)/gnu arm embedded toolchain/10 2020-q4-major/bin/../lib/gcc/arm-none-eabi/10.2.1/../../../../arm-none-eabi/lib/thumb/v7e-m+fp/hard\libnosys.a
END GROUP
LOAD c:/program files (x86)/gnu arm embedded toolchain/10 2020-q4-major/bin/../lib/gcc/arm-none-eabi/10.2.1/thumb/v7e-m+fp/hard/crtend.o
LOAD c:/program files (x86)/gnu arm embedded toolchain/10 2020-q4-major/bin/../lib/gcc/arm-none-eabi/10.2.1/thumb/v7e-m+fp/hard/crtn.o

.text           0x00000000    0x1b563
 *(.isr_vector)
 .isr_vector    0x00000000      0x124 output\\vectors_CM4F_gcc.o
                0x00000000                __Vectors
 *(.text*)
 .text          0x00000124       0x40 c:/program files (x86)/gnu arm embedded toolchain/10 2020-q4-major/bin/../lib/gcc/arm-none-eabi/10.2.1/thumb/v7e-m+fp/hard/crtbegin.o
 .text          0x00000164       0x7c c:/program files (x86)/gnu arm embedded toolchain/10 2020-q4-major/bin/../lib/gcc/arm-none-eabi/10.2.1/../../../../arm-none-eabi/lib/thumb/v7e-m+fp/hard/crt0.o
                0x00000164                _stack_init
                0x0000016c                _start
                0x0000016c                _mainCRTStartup
 .text._write   0x000001e0        0xe output\\c_lib_retarget.o
                0x000001e0                _write
 .text._close   0x000001ee        0x6 output\\c_lib_retarget.o
                0x000001ee                _close
 .text._lseek   0x000001f4        0x4 output\\c_lib_retarget.o
                0x000001f4                _lseek
 .text._read    0x000001f8        0x4 output\\c_lib_retarget.o
                0x000001f8                _read
 .text.do_str_fetch
                0x000001fc       0x3c output\\cli_args.o
 .text.CLI_string_ptr_get_subcmd
                0x00000238       0x20 output\\cli_args.o
                0x00000238                CLI_string_ptr_get_subcmd
 .text.append_key
                0x00000258       0x30 output\\cli_io.o
 .text.get_key_ignore_null
                0x00000288       0x18 output\\cli_io.o
 .text.CLI_getkey_peek
                0x000002a0      0x110 output\\cli_io.o
                0x000002a0                CLI_getkey_peek
 .text.CLI_getkey
                0x000003b0       0x30 output\\cli_io.o
                0x000003b0                CLI_getkey
 .text.CLI_col0_timestamp
                0x000003e0       0x78 output\\cli_io.o
                0x000003e0                CLI_col0_timestamp
 .text.CLI_putc
                0x00000458       0x4c output\\cli_io.o
                0x00000458                CLI_putc
 .text.CLI_puts_no_nl
                0x000004a4       0x12 output\\cli_io.o
                0x000004a4                CLI_puts_no_nl
 .text.CLI_puts
                0x000004b6       0x10 output\\cli_io.o
                0x000004b6                CLI_puts
 *fill*         0x000004c6        0x2 
 .text.CLI_vprintf
                0x000004c8       0x24 output\\cli_io.o
                0x000004c8                CLI_vprintf
 .text.CLI_printf
                0x000004ec       0x1a output\\cli_io.o
                0x000004ec                CLI_printf
 *fill*         0x00000506        0x2 
 .text.handle_help
                0x00000508       0xc4 output\\cli_loop.o
 .text.CLI_cmd_stack_replace
                0x000005cc       0x10 output\\cli_loop.o
                0x000005cc                CLI_cmd_stack_replace
 .text.CLI_cmd_stack_push
                0x000005dc       0x30 output\\cli_loop.o
                0x000005dc                CLI_cmd_stack_push
 .text.CLI_cmd_stack_clear
                0x0000060c       0x24 output\\cli_loop.o
                0x0000060c                CLI_cmd_stack_clear
 .text.CLI_cmd_stack_pop
                0x00000630       0x40 output\\cli_loop.o
                0x00000630                CLI_cmd_stack_pop
 .text.handle_exit
                0x00000670       0x1c output\\cli_loop.o
 .text.CLI_init
                0x0000068c       0x24 output\\cli_loop.o
                0x0000068c                CLI_init
 .text.CLI_print_prompt
                0x000006b0       0x44 output\\cli_loop.o
                0x000006b0                CLI_print_prompt
 .text.CLI_dispatch_subcmd
                0x000006f4       0x84 output\\cli_loop.o
                0x000006f4                CLI_dispatch_subcmd
 .text.CLI_dispatch
                0x00000778       0xc0 output\\cli_loop.o
 .text.CLI_submenu_handler
                0x00000838       0x30 output\\cli_loop.o
                0x00000838                CLI_submenu_handler
 .text.CLI_verror
                0x00000868       0x40 output\\cli_loop.o
                0x00000868                CLI_verror
 .text.CLI_rx_byte
                0x000008a8       0xe8 output\\cli_loop.o
                0x000008a8                CLI_rx_byte
 .text.CLI_is_more_args
                0x00000990       0x14 output\\cli_misc.o
                0x00000990                CLI_is_more_args
 .text.CLI_error
                0x000009a4       0x1a output\\cli_misc.o
                0x000009a4                CLI_error
 *fill*         0x000009be        0x2 
 .text.CLI_error_missing_parameter
                0x000009c0        0xc output\\cli_misc.o
                0x000009c0                CLI_error_missing_parameter
 .text.CLI_task
                0x000009cc       0x54 output\\cli_platform.o
                0x000009cc                CLI_task
 .text.CLI_time_now
                0x00000a20        0x4 output\\cli_platform.o
                0x00000a20                CLI_time_now
 .text.CLI_beep
                0x00000a24        0x6 output\\cli_platform.o
                0x00000a24                CLI_beep
 .text.CLI_timeout_expired
                0x00000a2a       0x22 output\\cli_platform.o
                0x00000a2a                CLI_timeout_expired
 .text.CLI_putc_raw
                0x00000a4c        0x8 output\\cli_platform.o
                0x00000a4c                CLI_putc_raw
 .text.CLI_getkey_raw
                0x00000a54       0x3c output\\cli_platform.o
                0x00000a54                CLI_getkey_raw
 .text.CLI_start_task
                0x00000a90       0x58 output\\cli_platform.o
                0x00000a90                CLI_start_task
 .text.__debug_lockup
                0x00000ae8       0x14 output\\dbg_uart.o
 .text._semihost_write
                0x00000afc       0x50 output\\dbg_uart.o
                0x00000afc                _semihost_write
 .text.dbg_ch_raw
                0x00000b4c       0x78 output\\dbg_uart.o
                0x00000b4c                dbg_ch_raw
 .text.dbg_nl   0x00000bc4       0x12 output\\dbg_uart.o
                0x00000bc4                dbg_nl
 .text.dbg_ch   0x00000bd6        0xc output\\dbg_uart.o
                0x00000bd6                dbg_ch
 .text.dbg_hex4
                0x00000be2       0x14 output\\dbg_uart.o
 .text.dbg_hex8
                0x00000bf6       0x14 output\\dbg_uart.o
                0x00000bf6                dbg_hex8
 .text.dbg_hex16
                0x00000c0a       0x14 output\\dbg_uart.o
                0x00000c0a                dbg_hex16
 .text.dbg_hex32
                0x00000c1e       0x14 output\\dbg_uart.o
                0x00000c1e                dbg_hex32
 .text._dbg_int
                0x00000c32       0x20 output\\dbg_uart.o
 .text.dbg_memdumpx
                0x00000c52       0xea output\\dbg_uart.o
 .text.dbg_str  0x00000d3c       0x84 output\\dbg_uart.o
                0x00000d3c                dbg_str
 .text._dbg_str_xxx
                0x00000dc0       0x16 output\\dbg_uart.o
 .text.dbg_str_hexXX
                0x00000dd6       0x22 output\\dbg_uart.o
 .text.dbg_int  0x00000df8       0x24 output\\dbg_uart.o
                0x00000df8                dbg_int
 .text.dbg_str_str
                0x00000e1c       0x16 output\\dbg_uart.o
                0x00000e1c                dbg_str_str
 .text.dbg_str_int
                0x00000e32       0x16 output\\dbg_uart.o
                0x00000e32                dbg_str_int
 .text.dbg_str_int_noln
                0x00000e48       0x12 output\\dbg_uart.o
                0x00000e48                dbg_str_int_noln
 *fill*         0x00000e5a        0x2 
 .text.dbg_str_hex32
                0x00000e5c        0xc output\\dbg_uart.o
                0x00000e5c                dbg_str_hex32
 .text.dbg_fatal_error
                0x00000e68       0x12 output\\dbg_uart.o
                0x00000e68                dbg_fatal_error
 .text.dbg_fatal_error_int
                0x00000e7a        0xe output\\dbg_uart.o
                0x00000e7a                dbg_fatal_error_int
 .text.dbg_memdump32
                0x00000e88       0x1e output\\dbg_uart.o
                0x00000e88                dbg_memdump32
 *fill*         0x00000ea6        0x2 
 .text.HAL_usbserial_init_common
                0x00000ea8      0x108 output\\eoss3_hal_fpga_usbserial.o
 .text.HAL_usbserial_isrfunc
                0x00000fb0       0x4c output\\eoss3_hal_fpga_usbserial.o
 .text.HAL_usbserial_init2
                0x00000ffc        0x8 output\\eoss3_hal_fpga_usbserial.o
                0x00000ffc                HAL_usbserial_init2
 .text.HAL_usbserial_init
                0x00001004        0xa output\\eoss3_hal_fpga_usbserial.o
                0x00001004                HAL_usbserial_init
 *fill*         0x0000100e        0x2 
 .text.HAL_usbserial_getc
                0x00001010       0x18 output\\eoss3_hal_fpga_usbserial.o
                0x00001010                HAL_usbserial_getc
 .text.HAL_usbserial_putc
                0x00001028       0x20 output\\eoss3_hal_fpga_usbserial.o
                0x00001028                HAL_usbserial_putc
 .text.HAL_usbserial_dataavailable
                0x00001048       0x10 output\\eoss3_hal_fpga_usbserial.o
                0x00001048                HAL_usbserial_dataavailable
 .text.HAL_usbserial_rxwait
                0x00001058       0x48 output\\eoss3_hal_fpga_usbserial.o
                0x00001058                HAL_usbserial_rxwait
 .text.HAL_GPIO_Read
                0x000010a0       0x1c output\\eoss3_hal_gpio.o
                0x000010a0                HAL_GPIO_Read
 .text.HAL_GPIO_Write
                0x000010bc       0x28 output\\eoss3_hal_gpio.o
                0x000010bc                HAL_GPIO_Write
 .text.HAL_PAD_Config
                0x000010e4      0x184 output\\eoss3_hal_pad_config.o
                0x000010e4                HAL_PAD_Config
 .text.configure_s3_pads
                0x00001268       0x1a output\\eoss3_hal_pad_config.o
                0x00001268                configure_s3_pads
 *fill*         0x00001282        0x2 
 .text.eoss3_rtc_enable_irq
                0x00001284       0x28 output\\eoss3_hal_rtc.o
 .text.write_rtc_reg
                0x000012ac       0x18 output\\eoss3_hal_rtc.o
 .text.__rtc_setup_alarm.constprop.0
                0x000012c4       0x44 output\\eoss3_hal_rtc.o
 .text.HAL_RTC_ISR
                0x00001308       0x24 output\\eoss3_hal_rtc.o
                0x00001308                HAL_RTC_ISR
 .text.unlock_spi1_bus
                0x0000132c       0x5c output\\eoss3_hal_spi.o
                0x0000132c                unlock_spi1_bus
 .text.SPI_DMA_Complete
                0x00001388       0x88 output\\eoss3_hal_spi.o
                0x00001388                SPI_DMA_Complete
 .text.HAL_SPI_IRQHandler
                0x00001410       0x6c output\\eoss3_hal_spi.o
                0x00001410                HAL_SPI_IRQHandler
 .text.HAL_Timer_ISR
                0x0000147c       0x88 output\\eoss3_hal_timer.o
                0x0000147c                HAL_Timer_ISR
 .text.uart_baud_rate
                0x00001504       0x60 output\\eoss3_hal_uart.o
 .text.is_hw_uart_enabled
                0x00001564       0x20 output\\eoss3_hal_uart.o
 .text.uart_disable
                0x00001584       0x1c output\\eoss3_hal_uart.o
 .text.uart_lpm_callback
                0x000015a0       0x70 output\\eoss3_hal_uart.o
 .text.uart_init
                0x00001610      0x180 output\\eoss3_hal_uart.o
                0x00001610                uart_init
 .text.uart_isr_handler
                0x00001790       0x84 output\\eoss3_hal_uart.o
                0x00001790                uart_isr_handler
 .text.uart_tx_raw
                0x00001814       0x48 output\\eoss3_hal_uart.o
                0x00001814                uart_tx_raw
 .text.uart_tx  0x0000185c       0x1c output\\eoss3_hal_uart.o
                0x0000185c                uart_tx
 .text.uart_tx_buf
                0x00001878       0x1a output\\eoss3_hal_uart.o
                0x00001878                uart_tx_buf
 *fill*         0x00001892        0x2 
 .text.uart_rx_wait
                0x00001894       0x44 output\\eoss3_hal_uart.o
                0x00001894                uart_rx_wait
 .text.uart_rx_available
                0x000018d8       0x40 output\\eoss3_hal_uart.o
                0x000018d8                uart_rx_available
 .text.uart_rx  0x00001918       0x70 output\\eoss3_hal_uart.o
                0x00001918                uart_rx
 .text.WDT_ISR  0x00001988       0x8c output\\eoss3_hal_wdt.o
                0x00001988                WDT_ISR
 .text.spurious_interrupt
                0x00001a14        0xc output\\exceptions.o
 .text.prvGetRegistersFromStack
                0x00001a20       0xf0 output\\exceptions.o
                0x00001a20                prvGetRegistersFromStack
 .text.HardFault_Handler
                0x00001b10       0x16 output\\exceptions.o
                0x00001b10                HardFault_Handler
 .text.NMI_Handler
                0x00001b26        0x6 output\\exceptions.o
                0x00001b26                NMI_Handler
 .text.MemManage_Handler
                0x00001b2c        0x6 output\\exceptions.o
                0x00001b2c                MemManage_Handler
 .text.BusFault_Handler
                0x00001b32        0x6 output\\exceptions.o
                0x00001b32                BusFault_Handler
 .text.UsageFault_Handler
                0x00001b38        0x6 output\\exceptions.o
                0x00001b38                UsageFault_Handler
 .text.DebugMon_Handler
                0x00001b3e        0x6 output\\exceptions.o
                0x00001b3e                DebugMon_Handler
 .text.Uart_Handler
                0x00001b44       0x50 output\\exceptions.o
                0x00001b44                Uart_Handler
 .text.Timer_Handler
                0x00001b94       0x24 output\\exceptions.o
                0x00001b94                Timer_Handler
 .text.CpuWdtInt_Handler
                0x00001bb8       0x24 output\\exceptions.o
                0x00001bb8                CpuWdtInt_Handler
 .text.CpuWdtRst_Handler
                0x00001bdc        0x6 output\\exceptions.o
                0x00001bdc                CpuWdtRst_Handler
 .text.BusTimeout_Handler
                0x00001be2        0x6 output\\exceptions.o
                0x00001be2                BusTimeout_Handler
 .text.Fpu_Handler
                0x00001be8        0x6 output\\exceptions.o
                0x00001be8                Fpu_Handler
 *fill*         0x00001bee        0x2 
 .text.Pkfb_Handler
                0x00001bf0       0x10 output\\exceptions.o
                0x00001bf0                Pkfb_Handler
 .text.I2s_Handler
                0x00001c00        0x6 output\\exceptions.o
                0x00001c00                I2s_Handler
 .text.Audio_Handler
                0x00001c06        0x6 output\\exceptions.o
                0x00001c06                Audio_Handler
 .text.SpiMs_Handler
                0x00001c0c       0x5c output\\exceptions.o
                0x00001c0c                SpiMs_Handler
 .text.CfgDma_Handler
                0x00001c68       0x28 output\\exceptions.o
                0x00001c68                CfgDma_Handler
 .text.PmuTimer_Handler
                0x00001c90        0x2 output\\exceptions.o
                0x00001c90                PmuTimer_Handler
 .text.AdcDone_Handler
                0x00001c92        0x8 output\\exceptions.o
                0x00001c92                AdcDone_Handler
 *fill*         0x00001c9a        0x2 
 .text.RtcAlarm_Handler
                0x00001c9c       0x1c output\\exceptions.o
                0x00001c9c                RtcAlarm_Handler
 .text.ResetInt_Handler
                0x00001cb8        0x8 output\\exceptions.o
                0x00001cb8                ResetInt_Handler
 .text.Ffe0_Handler
                0x00001cc0       0x18 output\\exceptions.o
                0x00001cc0                Ffe0_Handler
 .text.FbMsg_Handler
                0x00001cd8       0x6c output\\exceptions.o
                0x00001cd8                FbMsg_Handler
 .text.FB_RegisterISR
                0x00001d44       0x10 output\\exceptions.o
                0x00001d44                FB_RegisterISR
 .text.FB_ConfigureInterrupt
                0x00001d54       0x78 output\\exceptions.o
                0x00001d54                FB_ConfigureInterrupt
 .text.SensorGpio_Handler
                0x00001dcc        0x8 output\\exceptions.o
                0x00001dcc                SensorGpio_Handler
 .text.M4SramSleep_Handler
                0x00001dd4        0x8 output\\exceptions.o
                0x00001dd4                M4SramSleep_Handler
 .text.LDO30_PG_Handler
                0x00001ddc        0x8 output\\exceptions.o
                0x00001ddc                LDO30_PG_Handler
 .text.LDO50_PG_Handler
                0x00001de4        0x8 output\\exceptions.o
                0x00001de4                LDO50_PG_Handler
 .text.DMIC_Voice_Det_Handler
                0x00001dec        0x8 output\\exceptions.o
                0x00001dec                DMIC_Voice_Det_Handler
 .text.ApPDMClkOn_Handler
                0x00001df4        0x8 output\\exceptions.o
                0x00001df4                ApPDMClkOn_Handler
 .text.ApPDMClkOff_Handler
                0x00001dfc        0x8 output\\exceptions.o
                0x00001dfc                ApPDMClkOff_Handler
 .text.Dmac0BlkDone_Handler
                0x00001e04        0x8 output\\exceptions.o
                0x00001e04                Dmac0BlkDone_Handler
 .text.Dmac0BufDone_Handler
                0x00001e0c        0x8 output\\exceptions.o
                0x00001e0c                Dmac0BufDone_Handler
 .text.Dmac1BlkDone_Handler
                0x00001e14        0x8 output\\exceptions.o
                0x00001e14                Dmac1BlkDone_Handler
 .text.Dmac1BufDone_Handler
                0x00001e1c        0x8 output\\exceptions.o
                0x00001e1c                Dmac1BufDone_Handler
 .text.Sdma0Done_Handler
                0x00001e24        0x8 output\\exceptions.o
                0x00001e24                Sdma0Done_Handler
 .text.Sdma1Done_Handler
                0x00001e2c        0x8 output\\exceptions.o
                0x00001e2c                Sdma1Done_Handler
 .text.Sdma2Done_Handler
                0x00001e34        0x8 output\\exceptions.o
                0x00001e34                Sdma2Done_Handler
 .text.Sdma3Done_Handler
                0x00001e3c        0x8 output\\exceptions.o
                0x00001e3c                Sdma3Done_Handler
 .text.Sdma4Done_Handler
                0x00001e44        0x8 output\\exceptions.o
                0x00001e44                Sdma4Done_Handler
 .text.Sdma5Done_Handler
                0x00001e4c        0x8 output\\exceptions.o
                0x00001e4c                Sdma5Done_Handler
 .text.Sdma6Done_Handler
                0x00001e54        0x8 output\\exceptions.o
                0x00001e54                Sdma6Done_Handler
 .text.Sdma7Done_Handler
                0x00001e5c        0x8 output\\exceptions.o
                0x00001e5c                Sdma7Done_Handler
 .text.Sdma8Done_Handler
                0x00001e64        0x8 output\\exceptions.o
                0x00001e64                Sdma8Done_Handler
 .text.Sdma9Done_Handler
                0x00001e6c        0x8 output\\exceptions.o
                0x00001e6c                Sdma9Done_Handler
 .text.Sdma10Done_Handler
                0x00001e74        0x8 output\\exceptions.o
                0x00001e74                Sdma10Done_Handler
 .text.Sdma11Done_Handler
                0x00001e7c        0x8 output\\exceptions.o
                0x00001e7c                Sdma11Done_Handler
 .text.SdmaErr_Handler
                0x00001e84        0x8 output\\exceptions.o
                0x00001e84                SdmaErr_Handler
 .text.I2S_SlvM4TxOr_Handler
                0x00001e8c        0x8 output\\exceptions.o
                0x00001e8c                I2S_SlvM4TxOr_Handler
 .text.SRAM_128KB_Handler
                0x00001e94        0x8 output\\exceptions.o
                0x00001e94                SRAM_128KB_Handler
 .text.LPSD_Voice_Det_Handler
                0x00001e9c        0x8 output\\exceptions.o
                0x00001e9c                LPSD_Voice_Det_Handler
 .text.FfeWdt_Handler
                0x00001ea4        0x8 output\\exceptions.o
                0x00001ea4                FfeWdt_Handler
 .text.ApBoot_Handler
                0x00001eac        0x8 output\\exceptions.o
                0x00001eac                ApBoot_Handler
 .text.SwInt2_Handler
                0x00001eb4        0x8 output\\exceptions.o
                0x00001eb4                SwInt2_Handler
 .text.SwInt1_Handler
                0x00001ebc       0x24 output\\exceptions.o
                0x00001ebc                SwInt1_Handler
 .text.Ffe0Msg_Handler
                0x00001ee0        0x8 output\\exceptions.o
                0x00001ee0                Ffe0Msg_Handler
 .text.lpsdVoiceOffHandler
                0x00001ee8        0x8 output\\exceptions.o
                0x00001ee8                lpsdVoiceOffHandler
 .text.dmicVoiceOffHandler
                0x00001ef0        0x8 output\\exceptions.o
                0x00001ef0                dmicVoiceOffHandler
 .text.vApplicationMallocFailedHook
                0x00001ef8       0x24 output\\exceptions.o
                0x00001ef8                vApplicationMallocFailedHook
 .text.vApplicationStackOverflowHook
                0x00001f1c       0x24 output\\exceptions.o
                0x00001f1c                vApplicationStackOverflowHook
 .text.vApplicationTickHook
                0x00001f40        0x2 output\\exceptions.o
                0x00001f40                vApplicationTickHook
 .text.vApplicationIdleHook
                0x00001f42        0x2 output\\exceptions.o
                0x00001f42                vApplicationIdleHook
 .text.load_fpga
                0x00001f44      0x12c output\\fpga_loader.o
                0x00001f44                load_fpga
 .text.uart_rx_task
                0x00002070       0x30 output\\hackster_app.o
                0x00002070                uart_rx_task
 .text.turn_on_lcd
                0x000020a0        0x8 output\\hackster_app.o
                0x000020a0                turn_on_lcd
 .text.turn_off_lcd
                0x000020a8        0x8 output\\hackster_app.o
                0x000020a8                turn_off_lcd
 .text.turn_on_sensor
                0x000020b0        0x8 output\\hackster_app.o
                0x000020b0                turn_on_sensor
 .text.turn_off_sensor
                0x000020b8        0x8 output\\hackster_app.o
                0x000020b8                turn_off_sensor
 .text.decode_sensor_data
                0x000020c0       0x44 output\\hackster_app.o
                0x000020c0                decode_sensor_data
 .text.uart_send_data
                0x00002104       0x1c output\\hackster_app.o
                0x00002104                uart_send_data
 .text.lcd_write_status
                0x00002120       0x6c output\\hackster_app.o
                0x00002120                lcd_write_status
 .text.button_1_task
                0x0000218c       0x22 output\\hackster_app.o
                0x0000218c                button_1_task
 *fill*         0x000021ae        0x2 
 .text.send_sdcard_data
                0x000021b0       0x40 output\\hackster_app.o
                0x000021b0                send_sdcard_data
 .text.button_3_task
                0x000021f0       0x22 output\\hackster_app.o
                0x000021f0                button_3_task
 *fill*         0x00002212        0x2 
 .text.periodic_data
                0x00002214       0x7c output\\hackster_app.o
                0x00002214                periodic_data
 .text.periodic_task
                0x00002290       0x1e output\\hackster_app.o
                0x00002290                periodic_task
 *fill*         0x000022ae        0x2 
 .text.run_hackster_task
                0x000022b0      0x164 output\\hackster_app.o
                0x000022b0                run_hackster_task
 .text.do_prediction
                0x00002414       0x78 output\\hackster_app.o
                0x00002414                do_prediction
 .text.air_quality_prediction
                0x0000248c       0xe8 output\\hackster_app.o
                0x0000248c                air_quality_prediction
 .text.button_2_task
                0x00002574       0x22 output\\hackster_app.o
                0x00002574                button_2_task
 *fill*         0x00002596        0x2 
 .text.prvInsertBlockIntoFreeList
                0x00002598       0x74 output\\heap_4.o
 .text.pvPortMalloc
                0x0000260c      0x19c output\\heap_4.o
                0x0000260c                pvPortMalloc
 .text.vPortFree
                0x000027a8       0xa0 output\\heap_4.o
                0x000027a8                vPortFree
 .text.vListInitialise
                0x00002848       0x16 output\\list.o
                0x00002848                vListInitialise
 .text.vListInitialiseItem
                0x0000285e        0x6 output\\list.o
                0x0000285e                vListInitialiseItem
 .text.vListInsertEnd
                0x00002864       0x18 output\\list.o
                0x00002864                vListInsertEnd
 .text.vListInsert
                0x0000287c       0x2e output\\list.o
                0x0000287c                vListInsert
 .text.uxListRemove
                0x000028aa       0x20 output\\list.o
                0x000028aa                uxListRemove
 *fill*         0x000028ca        0x2 
 .text.startup.main
                0x000028cc       0xdc output\\main.o
                0x000028cc                main
 .text.SystemInit
                0x000029a8        0x2 output\\main.o
                0x000029a8                SystemInit
 *fill*         0x000029aa        0x2 
 .text.userbutton
                0x000029ac       0x2c output\\main_dbg_cli_menu.o
 .text.toggleblueled
                0x000029d8       0x14 output\\main_dbg_cli_menu.o
 .text.togglegreenled
                0x000029ec       0x14 output\\main_dbg_cli_menu.o
 .text.toggleredled
                0x00002a00       0x14 output\\main_dbg_cli_menu.o
 .text.prvPortStartFirstTask
                0x00002a14       0x28 output\\port.o
 .text.vPortEnableVFP
                0x00002a3c       0x14 output\\port.o
 .text.prvTaskExitError
                0x00002a50       0x50 output\\port.o
 .text.pxPortInitialiseStack
                0x00002aa0       0x2c output\\port.o
                0x00002aa0                pxPortInitialiseStack
 *fill*         0x00002acc        0x4 
 .text.SVC_Handler
                0x00002ad0       0x24 output\\port.o
                0x00002ad0                SVC_Handler
 .text.vPortEnterCritical
                0x00002af4       0x58 output\\port.o
                0x00002af4                vPortEnterCritical
 .text.vPortExitCritical
                0x00002b4c       0x3c output\\port.o
                0x00002b4c                vPortExitCritical
 *fill*         0x00002b88        0x8 
 .text.PendSV_Handler
                0x00002b90       0x64 output\\port.o
                0x00002b90                PendSV_Handler
 .text.xPortSysTickHandler
                0x00002bf4       0x2c output\\port.o
                0x00002bf4                xPortSysTickHandler
 .text.xPortStartScheduler
                0x00002c20      0x160 output\\port.o
                0x00002c20                xPortStartScheduler
 .text.vPortValidateInterruptPriority
                0x00002d80       0x7c output\\port.o
                0x00002d80                vPortValidateInterruptPriority
 .text.system_init
                0x00002dfc       0x6c output\\qf_hardwaresetup.o
                0x00002dfc                system_init
 .text.qf_hardwareSetup
                0x00002e68       0x74 output\\qf_hardwaresetup.o
                0x00002e68                qf_hardwareSetup
 .text.prvIsQueueEmpty
                0x00002edc       0x16 output\\queue.o
 .text.prvCopyDataToQueue
                0x00002ef2       0x78 output\\queue.o
 .text.prvCopyDataFromQueue
                0x00002f6a       0x2c output\\queue.o
 .text.prvUnlockQueue
                0x00002f96       0x70 output\\queue.o
 *fill*         0x00003006        0x2 
 .text.xQueueGenericReset
                0x00003008       0x90 output\\queue.o
                0x00003008                xQueueGenericReset
 .text.xQueueGenericCreate
                0x00003098       0x74 output\\queue.o
                0x00003098                xQueueGenericCreate
 .text.xQueueGenericSend
                0x0000310c      0x19c output\\queue.o
                0x0000310c                xQueueGenericSend
 .text.xQueueGenericSendFromISR
                0x000032a8       0xf0 output\\queue.o
                0x000032a8                xQueueGenericSendFromISR
 .text.xQueueGenericSendFromISRDebug
                0x00003398       0x30 output\\queue.o
                0x00003398                xQueueGenericSendFromISRDebug
 .text.xQueueGiveFromISR
                0x000033c8       0xdc output\\queue.o
                0x000033c8                xQueueGiveFromISR
 .text.xQueueReceive
                0x000034a4      0x160 output\\queue.o
                0x000034a4                xQueueReceive
 .text.xQueueSemaphoreTake
                0x00003604      0x1ac output\\queue.o
                0x00003604                xQueueSemaphoreTake
 .text.xQueuePeek
                0x000037b0      0x160 output\\queue.o
                0x000037b0                xQueuePeek
 .text.uxQueueMessagesWaiting
                0x00003910       0x3c output\\queue.o
                0x00003910                uxQueueMessagesWaiting
 .text.vQueueAddToRegistry
                0x0000394c       0x24 output\\queue.o
                0x0000394c                vQueueAddToRegistry
 .text.vQueueWaitForMessageRestricted
                0x00003970       0x46 output\\queue.o
                0x00003970                vQueueWaitForMessageRestricted
 .text.s3x_clkd_write_div
                0x000039b6       0xa8 output\\s3x_clock.o
 .text.s3x_clkd_read_div
                0x00003a5e       0x44 output\\s3x_clock.o
 *fill*         0x00003aa2        0x2 
 .text.s3x_clkd_cal_div
                0x00003aa4       0x38 output\\s3x_clock.o
 .text.S3x_Id_To_Domain
                0x00003adc       0x1c output\\s3x_clock.o
                0x00003adc                S3x_Id_To_Domain
 .text.s3x_clkd_get_init_rate
                0x00003af8       0x28 output\\s3x_clock.o
                0x00003af8                s3x_clkd_get_init_rate
 .text.s3x_clkd_update_div_val
                0x00003b20       0x42 output\\s3x_clock.o
                0x00003b20                s3x_clkd_update_div_val
 .text.s3x_clkd_update_fd_rate
                0x00003b62        0xe output\\s3x_clock.o
                0x00003b62                s3x_clkd_update_fd_rate
 .text.s3x_clkd_update_sd_div
                0x00003b70       0x5c output\\s3x_clock.o
 .text.s3x_clkd_update_all_src_div
                0x00003bcc       0xd8 output\\s3x_clock.o
                0x00003bcc                s3x_clkd_update_all_src_div
 .text.S3x_Clkd_Get_Hsosc_Rate
                0x00003ca4       0x30 output\\s3x_clock.o
                0x00003ca4                S3x_Clkd_Get_Hsosc_Rate
 .text.s3x_clkd_get_active_HSOSC_qos
                0x00003cd4        0xc output\\s3x_clock.o
                0x00003cd4                s3x_clkd_get_active_HSOSC_qos
 .text.S3x_Clkd_Change_Hsosc
                0x00003ce0       0x70 output\\s3x_clock.o
                0x00003ce0                S3x_Clkd_Change_Hsosc
 .text.s3x_clkd_get_src_rate
                0x00003d50       0x12 output\\s3x_clock.o
                0x00003d50                s3x_clkd_get_src_rate
 *fill*         0x00003d62        0x2 
 .text.s3x_clkd_get_div
                0x00003d64       0x60 output\\s3x_clock.o
                0x00003d64                s3x_clkd_get_div
 .text.s3x_clkd_srate
                0x00003dc4      0x158 output\\s3x_clock.o
 .text.s3x_clkd_grate
                0x00003f1c       0x8c output\\s3x_clock.o
 .text.s3x_clkd_set_src_div_st.isra.0
                0x00003fa8       0x4a output\\s3x_clock.o
 *fill*         0x00003ff2        0x2 
 .text.s3x_update_clk_rate
                0x00003ff4       0xb0 output\\s3x_clock.o
                0x00003ff4                s3x_update_clk_rate
 .text.s3x_clkd_get_gate_mask_st
                0x000040a4       0x16 output\\s3x_clock.o
                0x000040a4                s3x_clkd_get_gate_mask_st
 *fill*         0x000040ba        0x2 
 .text.s3x_clkd_set_gate_mask
                0x000040bc       0x50 output\\s3x_clock.o
                0x000040bc                s3x_clkd_set_gate_mask
 .text.s3x_clkd_enable_gate
                0x0000410c       0x68 output\\s3x_clock.o
 .text.s3x_clkd_disable_gate
                0x00004174       0x54 output\\s3x_clock.o
 .text._S3x_Clk_Enable
                0x000041c8       0xb8 output\\s3x_clock.o
                0x000041c8                _S3x_Clk_Enable
 .text._S3x_Clk_Disable
                0x00004280       0xcc output\\s3x_clock.o
                0x00004280                _S3x_Clk_Disable
 .text._S3x_Clk_Get_Status
                0x0000434c       0x2c output\\s3x_clock.o
                0x0000434c                _S3x_Clk_Get_Status
 .text._S3x_Clk_Get_Rate
                0x00004378       0x28 output\\s3x_clock.o
                0x00004378                _S3x_Clk_Get_Rate
 .text._S3x_Clk_Set_Rate
                0x000043a0       0x48 output\\s3x_clock.o
                0x000043a0                _S3x_Clk_Set_Rate
 .text.S3x_Clk_Init
                0x000043e8      0x160 output\\s3x_clock.o
                0x000043e8                S3x_Clk_Init
 .text.S3x_Clk_Enable
                0x00004548        0x4 output\\s3x_clock_hal.o
                0x00004548                S3x_Clk_Enable
 .text.S3x_Clk_Disable
                0x0000454c        0x4 output\\s3x_clock_hal.o
                0x0000454c                S3x_Clk_Disable
 .text.S3x_Clk_Set_Rate
                0x00004550        0x4 output\\s3x_clock_hal.o
                0x00004550                S3x_Clk_Set_Rate
 .text.S3x_Clk_Get_Rate
                0x00004554        0x4 output\\s3x_clock_hal.o
                0x00004554                S3x_Clk_Get_Rate
 .text.DFS_cpuload
                0x00004558       0x4c output\\s3x_cpuload.o
                0x00004558                DFS_cpuload
 .text.DFS_updatesleepticks
                0x000045a4       0x10 output\\s3x_cpuload.o
                0x000045a4                DFS_updatesleepticks
 .text.DFS_resetsleepticks
                0x000045b4        0xc output\\s3x_cpuload.o
                0x000045b4                DFS_resetsleepticks
 .text.DFS_UpdateTimer
                0x000045c0       0x5c output\\s3x_dfs.o
 .text.DFS_StartTimer
                0x0000461c       0x88 output\\s3x_dfs.o
                0x0000461c                DFS_StartTimer
 .text.s3x_suspend_dfs
                0x000046a4        0xc output\\s3x_dfs.o
                0x000046a4                s3x_suspend_dfs
 .text.S3x_Set_Policy
                0x000046b0      0x108 output\\s3x_dfs.o
                0x000046b0                S3x_Set_Policy
 .text.S3x_get_max_rate_dfs_node
                0x000047b8       0x28 output\\s3x_dfs.o
                0x000047b8                S3x_get_max_rate_dfs_node
 .text.S3x_Stepup_Policy
                0x000047e0       0x7c output\\s3x_dfs.o
 .text.DFS_TimerCB
                0x0000485c        0xe output\\s3x_dfs.o
 *fill*         0x0000486a        0x2 
 .text.DFS_AlignPolicy
                0x0000486c       0x38 output\\s3x_dfs.o
                0x0000486c                DFS_AlignPolicy
 .text.S3x_Reduce_Hsosc
                0x000048a4       0x50 output\\s3x_dfs.o
                0x000048a4                S3x_Reduce_Hsosc
 .text.DFS_fPolicyHasDeepSleep
                0x000048f4       0x1c output\\s3x_dfs.o
                0x000048f4                DFS_fPolicyHasDeepSleep
 .text.DFS_SwitchToSleepPolicy
                0x00004910       0x78 output\\s3x_dfs.o
                0x00004910                DFS_SwitchToSleepPolicy
 .text.DFS_RestoreFromSleep
                0x00004988       0x34 output\\s3x_dfs.o
                0x00004988                DFS_RestoreFromSleep
 .text.s3x_get_index_in_dfs_node
                0x000049bc       0x20 output\\s3x_dfs.o
                0x000049bc                s3x_get_index_in_dfs_node
 .text.s3x_get_policy_max_rate
                0x000049dc       0x2c output\\s3x_dfs.o
                0x000049dc                s3x_get_policy_max_rate
 .text.S3x_Is_Dfs_En
                0x00004a08       0x10 output\\s3x_dfs.o
                0x00004a08                S3x_Is_Dfs_En
 .text.S3x_Set_Dfs_st
                0x00004a18        0xc output\\s3x_dfs.o
                0x00004a18                S3x_Set_Dfs_st
 .text.DFS_Get_Curr_Policy
                0x00004a24        0xc output\\s3x_dfs.o
                0x00004a24                DFS_Get_Curr_Policy
 .text.DFS_Initialize
                0x00004a30       0x14 output\\s3x_dfs.o
                0x00004a30                DFS_Initialize
 .text.trace_this
                0x00004a44       0x28 output\\s3x_lpm.o
 .text.S3x_Register_Lpm_Cb
                0x00004a6c       0x40 output\\s3x_lpm.o
                0x00004a6c                S3x_Register_Lpm_Cb
 .text.s3x_setup_systick_interrupt
                0x00004aac       0x4a output\\s3x_lpm.o
                0x00004aac                s3x_setup_systick_interrupt
 .text.prvStopTickInterruptTimer
                0x00004af6        0xe output\\s3x_lpm.o
                0x00004af6                prvStopTickInterruptTimer
 .text.prvStartTickInterruptTimer
                0x00004b04        0x8 output\\s3x_lpm.o
                0x00004b04                prvStartTickInterruptTimer
 .text.SysTick_Handler
                0x00004b0c       0x12 output\\s3x_lpm.o
                0x00004b0c                SysTick_Handler
 .text.vPortSetupTimerInterrupt
                0x00004b1e        0x6 output\\s3x_lpm.o
                0x00004b1e                vPortSetupTimerInterrupt
 .text.S3x_Pre_Lpm
                0x00004b24       0x20 output\\s3x_lpm.o
                0x00004b24                S3x_Pre_Lpm
 .text.S3x_Post_Lpm
                0x00004b44       0x18 output\\s3x_lpm.o
                0x00004b44                S3x_Post_Lpm
 .text.S3x_Lpm_Handler
                0x00004b5c      0x3b0 output\\s3x_lpm.o
                0x00004b5c                S3x_Lpm_Handler
 .text.s3x_get_pi
                0x00004f0c       0x20 output\\s3x_pi.o
                0x00004f0c                s3x_get_pi
 .text.s3x_get_pi_gindex
                0x00004f2c       0x14 output\\s3x_pi.o
                0x00004f2c                s3x_get_pi_gindex
 .text.s3x_pi_get_st
                0x00004f40       0x22 output\\s3x_pi.o
                0x00004f40                s3x_pi_get_st
 *fill*         0x00004f62        0x2 
 .text.s3x_pi_set_cfg_st
                0x00004f64       0x8c output\\s3x_pi.o
                0x00004f64                s3x_pi_set_cfg_st
 .text.s3x_pi_set_active_st
                0x00004ff0       0xa4 output\\s3x_pi.o
                0x00004ff0                s3x_pi_set_active_st
 .text.s3x_pi_get_clkg_st
                0x00005094       0x36 output\\s3x_pi.o
                0x00005094                s3x_pi_get_clkg_st
 .text.s3x_pi_set_clkg_st
                0x000050ca       0x26 output\\s3x_pi.o
                0x000050ca                s3x_pi_set_clkg_st
 .text.s3x_set_pi_state
                0x000050f0        0xc output\\s3x_pi.o
                0x000050f0                s3x_set_pi_state
 .text.s3x_get_pi_init_state
                0x000050fc       0x18 output\\s3x_pi.o
                0x000050fc                s3x_get_pi_init_state
 .text.S3x_pi_init
                0x00005114       0x24 output\\s3x_pi.o
                0x00005114                S3x_pi_init
 .text.S3x_pwrcfg_init
                0x00005138       0x2c output\\s3x_pwrcfg.o
                0x00005138                S3x_pwrcfg_init
 .text.s3x_sram_in_lpm
                0x00005164       0x1c output\\s3x_pwrcfg.o
                0x00005164                s3x_sram_in_lpm
 .text.S3x_get_qos_rate
                0x00005180       0x38 output\\s3x_qos.o
                0x00005180                S3x_get_qos_rate
 .text.save_assert_info
                0x000051b8       0x74 output\\sec_debug.o
                0x000051b8                save_assert_info
 .text.invoke_soft_fault
                0x0000522c       0x20 output\\sec_debug.o
                0x0000522c                invoke_soft_fault
 .text.Reset_Handler
                0x0000524c       0x30 output\\startup_EOSS3B_GCC.o
                0x0000524c                Reset_Handler
 .text.__semihost_call
                0x0000527c        0x6 output\\startup_EOSS3B_GCC.o
                0x0000527c                __semihost_call
 *fill*         0x00005282        0x2 
 .text.prvAddCurrentTaskToDelayedList
                0x00005284       0x88 output\\tasks.o
 .text.prvGetExpectedIdleTime
                0x0000530c       0x3c output\\tasks.o
 .text.prvResetNextTaskUnblockTime
                0x00005348       0x24 output\\tasks.o
 .text.xTaskCreate
                0x0000536c      0x1dc output\\tasks.o
                0x0000536c                xTaskCreate
 .text.vTaskStartScheduler
                0x00005548       0x98 output\\tasks.o
                0x00005548                vTaskStartScheduler
 .text.vTaskSuspendAll
                0x000055e0       0x10 output\\tasks.o
                0x000055e0                vTaskSuspendAll
 .text.xTaskGetTickCount
                0x000055f0        0xc output\\tasks.o
                0x000055f0                xTaskGetTickCount
 .text.vTaskStepTick
                0x000055fc       0x44 output\\tasks.o
                0x000055fc                vTaskStepTick
 .text.xTaskIncrementTick
                0x00005640      0x14c output\\tasks.o
                0x00005640                xTaskIncrementTick
 .text.xTaskResumeAll
                0x0000578c      0x100 output\\tasks.o
                0x0000578c                xTaskResumeAll
 .text.vTaskDelay
                0x0000588c       0x60 output\\tasks.o
                0x0000588c                vTaskDelay
 .text.prvIdleTask
                0x000058ec       0xbc output\\tasks.o
 .text.vTaskSwitchContext
                0x000059a8       0xb8 output\\tasks.o
                0x000059a8                vTaskSwitchContext
 .text.vTaskPlaceOnEventList
                0x00005a60       0x48 output\\tasks.o
                0x00005a60                vTaskPlaceOnEventList
 .text.vTaskPlaceOnEventListRestricted
                0x00005aa8       0x50 output\\tasks.o
                0x00005aa8                vTaskPlaceOnEventListRestricted
 .text.xTaskRemoveFromEventList
                0x00005af8       0x9c output\\tasks.o
                0x00005af8                xTaskRemoveFromEventList
 .text.vTaskInternalSetTimeOutState
                0x00005b94       0x18 output\\tasks.o
                0x00005b94                vTaskInternalSetTimeOutState
 .text.xTaskCheckForTimeOut
                0x00005bac       0x94 output\\tasks.o
                0x00005bac                xTaskCheckForTimeOut
 .text.vTaskMissedYield
                0x00005c40        0xc output\\tasks.o
                0x00005c40                vTaskMissedYield
 .text.uxTaskGetTCBNumber
                0x00005c4c       0x14 output\\tasks.o
                0x00005c4c                uxTaskGetTCBNumber
 .text.eTaskConfirmSleepModeStatus
                0x00005c60       0x34 output\\tasks.o
                0x00005c60                eTaskConfirmSleepModeStatus
 .text.xTaskGetCurrentTaskHandle
                0x00005c94        0xc output\\tasks.o
                0x00005c94                xTaskGetCurrentTaskHandle
 .text.xTaskGetSchedulerState
                0x00005ca0       0x20 output\\tasks.o
                0x00005ca0                xTaskGetSchedulerState
 .text.xTaskPriorityInherit
                0x00005cc0       0xa4 output\\tasks.o
                0x00005cc0                xTaskPriorityInherit
 .text.xTaskPriorityDisinherit
                0x00005d64       0xc4 output\\tasks.o
                0x00005d64                xTaskPriorityDisinherit
 .text.vTaskPriorityDisinheritAfterTimeout
                0x00005e28       0xd8 output\\tasks.o
                0x00005e28                vTaskPriorityDisinheritAfterTimeout
 .text.pvTaskIncrementMutexHeldCount
                0x00005f00       0x18 output\\tasks.o
                0x00005f00                pvTaskIncrementMutexHeldCount
 .text.prvCheckForValidListAndQueue
                0x00005f18       0x58 output\\timers.o
 .text.prvInsertTimerInActiveList
                0x00005f70       0x3c output\\timers.o
 .text.xTimerCreateTimerTask
                0x00005fac       0x64 output\\timers.o
                0x00005fac                xTimerCreateTimerTask
 .text.xTimerCreate
                0x00006010       0x58 output\\timers.o
                0x00006010                xTimerCreate
 .text.xTimerGenericCommand
                0x00006068       0x70 output\\timers.o
                0x00006068                xTimerGenericCommand
 .text.prvSampleTimeNow
                0x000060d8       0xc0 output\\timers.o
 .text.prvTimerTask
                0x00006198      0x1f0 output\\timers.o
 .text          0x00006388       0x30 c:/program files (x86)/gnu arm embedded toolchain/10 2020-q4-major/bin/../lib/gcc/arm-none-eabi/10.2.1/thumb/v7e-m+fp/hard\libgcc.a(_aeabi_uldivmod.o)
                0x00006388                __aeabi_uldivmod
 .text          0x000063b8      0x2d0 c:/program files (x86)/gnu arm embedded toolchain/10 2020-q4-major/bin/../lib/gcc/arm-none-eabi/10.2.1/thumb/v7e-m+fp/hard\libgcc.a(_udivmoddi4.o)
                0x000063b8                __udivmoddi4
 .text          0x00006688        0x4 c:/program files (x86)/gnu arm embedded toolchain/10 2020-q4-major/bin/../lib/gcc/arm-none-eabi/10.2.1/thumb/v7e-m+fp/hard\libgcc.a(_dvmd_tls.o)
                0x00006688                __aeabi_idiv0
                0x00006688                __aeabi_ldiv0
 .text.exit     0x0000668c       0x28 c:/program files (x86)/gnu arm embedded toolchain/10 2020-q4-major/bin/../lib/gcc/arm-none-eabi/10.2.1/../../../../arm-none-eabi/lib/thumb/v7e-m+fp/hard\libg_nano.a(lib_a-exit.o)
                0x0000668c                exit
 .text.__libc_init_array
                0x000066b4       0x48 c:/program files (x86)/gnu arm embedded toolchain/10 2020-q4-major/bin/../lib/gcc/arm-none-eabi/10.2.1/../../../../arm-none-eabi/lib/thumb/v7e-m+fp/hard\libg_nano.a(lib_a-init.o)
                0x000066b4                __libc_init_array
 .text.memcpy   0x000066fc       0x1c c:/program files (x86)/gnu arm embedded toolchain/10 2020-q4-major/bin/../lib/gcc/arm-none-eabi/10.2.1/../../../../arm-none-eabi/lib/thumb/v7e-m+fp/hard\libg_nano.a(lib_a-memcpy-stub.o)
                0x000066fc                memcpy
 .text.memmove  0x00006718       0x34 c:/program files (x86)/gnu arm embedded toolchain/10 2020-q4-major/bin/../lib/gcc/arm-none-eabi/10.2.1/../../../../arm-none-eabi/lib/thumb/v7e-m+fp/hard\libg_nano.a(lib_a-memmove.o)
                0x00006718                memmove
 .text.memset   0x0000674c       0x10 c:/program files (x86)/gnu arm embedded toolchain/10 2020-q4-major/bin/../lib/gcc/arm-none-eabi/10.2.1/../../../../arm-none-eabi/lib/thumb/v7e-m+fp/hard\libg_nano.a(lib_a-memset.o)
                0x0000674c                memset
 .text._free_r  0x0000675c       0x98 c:/program files (x86)/gnu arm embedded toolchain/10 2020-q4-major/bin/../lib/gcc/arm-none-eabi/10.2.1/../../../../arm-none-eabi/lib/thumb/v7e-m+fp/hard\libg_nano.a(lib_a-nano-freer.o)
                0x0000675c                _free_r
 .text._malloc_r
                0x000067f4       0xb4 c:/program files (x86)/gnu arm embedded toolchain/10 2020-q4-major/bin/../lib/gcc/arm-none-eabi/10.2.1/../../../../arm-none-eabi/lib/thumb/v7e-m+fp/hard\libg_nano.a(lib_a-nano-mallocr.o)
                0x000067f4                _malloc_r
 .text.printf   0x000068a8       0x30 c:/program files (x86)/gnu arm embedded toolchain/10 2020-q4-major/bin/../lib/gcc/arm-none-eabi/10.2.1/../../../../arm-none-eabi/lib/thumb/v7e-m+fp/hard\libg_nano.a(lib_a-printf.o)
                0x000068a8                iprintf
                0x000068a8                printf
 .text._puts_r  0x000068d8       0xdc c:/program files (x86)/gnu arm embedded toolchain/10 2020-q4-major/bin/../lib/gcc/arm-none-eabi/10.2.1/../../../../arm-none-eabi/lib/thumb/v7e-m+fp/hard\libg_nano.a(lib_a-puts.o)
                0x000068d8                _puts_r
 .text.puts     0x000069b4       0x10 c:/program files (x86)/gnu arm embedded toolchain/10 2020-q4-major/bin/../lib/gcc/arm-none-eabi/10.2.1/../../../../arm-none-eabi/lib/thumb/v7e-m+fp/hard\libg_nano.a(lib_a-puts.o)
                0x000069b4                puts
 .text._sbrk_r  0x000069c4       0x20 c:/program files (x86)/gnu arm embedded toolchain/10 2020-q4-major/bin/../lib/gcc/arm-none-eabi/10.2.1/../../../../arm-none-eabi/lib/thumb/v7e-m+fp/hard\libg_nano.a(lib_a-sbrkr.o)
                0x000069c4                _sbrk_r
 .text          0x000069e4       0x1c c:/program files (x86)/gnu arm embedded toolchain/10 2020-q4-major/bin/../lib/gcc/arm-none-eabi/10.2.1/../../../../arm-none-eabi/lib/thumb/v7e-m+fp/hard\libg_nano.a(lib_a-setjmp.o)
                0x000069e4                setjmp
                0x000069f0                longjmp
 .text.snprintf
                0x00006a00       0x68 c:/program files (x86)/gnu arm embedded toolchain/10 2020-q4-major/bin/../lib/gcc/arm-none-eabi/10.2.1/../../../../arm-none-eabi/lib/thumb/v7e-m+fp/hard\libg_nano.a(lib_a-snprintf.o)
                0x00006a00                sniprintf
                0x00006a00                snprintf
 .text.sprintf  0x00006a68       0x40 c:/program files (x86)/gnu arm embedded toolchain/10 2020-q4-major/bin/../lib/gcc/arm-none-eabi/10.2.1/../../../../arm-none-eabi/lib/thumb/v7e-m+fp/hard\libg_nano.a(lib_a-sprintf.o)
                0x00006a68                siprintf
                0x00006a68                sprintf
 .text.strchr   0x00006aa8       0x1a c:/program files (x86)/gnu arm embedded toolchain/10 2020-q4-major/bin/../lib/gcc/arm-none-eabi/10.2.1/../../../../arm-none-eabi/lib/thumb/v7e-m+fp/hard\libg_nano.a(lib_a-strchr.o)
                0x00006aa8                strchr
 .text          0x00006ac2       0x14 c:/program files (x86)/gnu arm embedded toolchain/10 2020-q4-major/bin/../lib/gcc/arm-none-eabi/10.2.1/../../../../arm-none-eabi/lib/thumb/v7e-m+fp/hard\libg_nano.a(lib_a-strcmp.o)
                0x00006ac2                strcmp
 .text.strcpy   0x00006ad6       0x10 c:/program files (x86)/gnu arm embedded toolchain/10 2020-q4-major/bin/../lib/gcc/arm-none-eabi/10.2.1/../../../../arm-none-eabi/lib/thumb/v7e-m+fp/hard\libg_nano.a(lib_a-strcpy.o)
                0x00006ad6                strcpy
 .text          0x00006ae6       0x10 c:/program files (x86)/gnu arm embedded toolchain/10 2020-q4-major/bin/../lib/gcc/arm-none-eabi/10.2.1/../../../../arm-none-eabi/lib/thumb/v7e-m+fp/hard\libg_nano.a(lib_a-strlen.o)
                0x00006ae6                strlen
 .text.strncpy  0x00006af6       0x26 c:/program files (x86)/gnu arm embedded toolchain/10 2020-q4-major/bin/../lib/gcc/arm-none-eabi/10.2.1/../../../../arm-none-eabi/lib/thumb/v7e-m+fp/hard\libg_nano.a(lib_a-strncpy.o)
                0x00006af6                strncpy
 .text.strrchr  0x00006b1c       0x28 c:/program files (x86)/gnu arm embedded toolchain/10 2020-q4-major/bin/../lib/gcc/arm-none-eabi/10.2.1/../../../../arm-none-eabi/lib/thumb/v7e-m+fp/hard\libg_nano.a(lib_a-strrchr.o)
                0x00006b1c                strrchr
 .text.__strtok_r
                0x00006b44       0x50 c:/program files (x86)/gnu arm embedded toolchain/10 2020-q4-major/bin/../lib/gcc/arm-none-eabi/10.2.1/../../../../arm-none-eabi/lib/thumb/v7e-m+fp/hard\libg_nano.a(lib_a-strtok_r.o)
                0x00006b44                __strtok_r
 .text.strtok_r
                0x00006b94        0x6 c:/program files (x86)/gnu arm embedded toolchain/10 2020-q4-major/bin/../lib/gcc/arm-none-eabi/10.2.1/../../../../arm-none-eabi/lib/thumb/v7e-m+fp/hard\libg_nano.a(lib_a-strtok_r.o)
                0x00006b94                strtok_r
 .text._vsnprintf_r
                0x00006b9a       0x56 c:/program files (x86)/gnu arm embedded toolchain/10 2020-q4-major/bin/../lib/gcc/arm-none-eabi/10.2.1/../../../../arm-none-eabi/lib/thumb/v7e-m+fp/hard\libg_nano.a(lib_a-vsnprintf.o)
                0x00006b9a                _vsniprintf_r
                0x00006b9a                _vsnprintf_r
 .text.vsnprintf
                0x00006bf0       0x1c c:/program files (x86)/gnu arm embedded toolchain/10 2020-q4-major/bin/../lib/gcc/arm-none-eabi/10.2.1/../../../../arm-none-eabi/lib/thumb/v7e-m+fp/hard\libg_nano.a(lib_a-vsnprintf.o)
                0x00006bf0                vsniprintf
                0x00006bf0                vsnprintf
 .text.__swbuf_r
                0x00006c0c       0xa4 c:/program files (x86)/gnu arm embedded toolchain/10 2020-q4-major/bin/../lib/gcc/arm-none-eabi/10.2.1/../../../../arm-none-eabi/lib/thumb/v7e-m+fp/hard\libg_nano.a(lib_a-wbuf.o)
                0x00006c0c                __swbuf_r
 .text.__swsetup_r
                0x00006cb0       0xdc c:/program files (x86)/gnu arm embedded toolchain/10 2020-q4-major/bin/../lib/gcc/arm-none-eabi/10.2.1/../../../../arm-none-eabi/lib/thumb/v7e-m+fp/hard\libg_nano.a(lib_a-wsetup.o)
                0x00006cb0                __swsetup_r
 .text.__sflush_r
                0x00006d8c      0x10c c:/program files (x86)/gnu arm embedded toolchain/10 2020-q4-major/bin/../lib/gcc/arm-none-eabi/10.2.1/../../../../arm-none-eabi/lib/thumb/v7e-m+fp/hard\libg_nano.a(lib_a-fflush.o)
                0x00006d8c                __sflush_r
 .text._fflush_r
                0x00006e98       0x78 c:/program files (x86)/gnu arm embedded toolchain/10 2020-q4-major/bin/../lib/gcc/arm-none-eabi/10.2.1/../../../../arm-none-eabi/lib/thumb/v7e-m+fp/hard\libg_nano.a(lib_a-fflush.o)
                0x00006e98                _fflush_r
 .text.std      0x00006f10       0x48 c:/program files (x86)/gnu arm embedded toolchain/10 2020-q4-major/bin/../lib/gcc/arm-none-eabi/10.2.1/../../../../arm-none-eabi/lib/thumb/v7e-m+fp/hard\libg_nano.a(lib_a-findfp.o)
 .text._cleanup_r
                0x00006f58        0xc c:/program files (x86)/gnu arm embedded toolchain/10 2020-q4-major/bin/../lib/gcc/arm-none-eabi/10.2.1/../../../../arm-none-eabi/lib/thumb/v7e-m+fp/hard\libg_nano.a(lib_a-findfp.o)
                0x00006f58                _cleanup_r
 .text.__sfmoreglue
                0x00006f64       0x2c c:/program files (x86)/gnu arm embedded toolchain/10 2020-q4-major/bin/../lib/gcc/arm-none-eabi/10.2.1/../../../../arm-none-eabi/lib/thumb/v7e-m+fp/hard\libg_nano.a(lib_a-findfp.o)
                0x00006f64                __sfmoreglue
 .text.__sfp_lock_acquire
                0x00006f90        0xc c:/program files (x86)/gnu arm embedded toolchain/10 2020-q4-major/bin/../lib/gcc/arm-none-eabi/10.2.1/../../../../arm-none-eabi/lib/thumb/v7e-m+fp/hard\libg_nano.a(lib_a-findfp.o)
                0x00006f90                __sfp_lock_acquire
 .text.__sfp_lock_release
                0x00006f9c        0xc c:/program files (x86)/gnu arm embedded toolchain/10 2020-q4-major/bin/../lib/gcc/arm-none-eabi/10.2.1/../../../../arm-none-eabi/lib/thumb/v7e-m+fp/hard\libg_nano.a(lib_a-findfp.o)
                0x00006f9c                __sfp_lock_release
 .text.__sinit_lock_acquire
                0x00006fa8        0xc c:/program files (x86)/gnu arm embedded toolchain/10 2020-q4-major/bin/../lib/gcc/arm-none-eabi/10.2.1/../../../../arm-none-eabi/lib/thumb/v7e-m+fp/hard\libg_nano.a(lib_a-findfp.o)
                0x00006fa8                __sinit_lock_acquire
 .text.__sinit_lock_release
                0x00006fb4        0xc c:/program files (x86)/gnu arm embedded toolchain/10 2020-q4-major/bin/../lib/gcc/arm-none-eabi/10.2.1/../../../../arm-none-eabi/lib/thumb/v7e-m+fp/hard\libg_nano.a(lib_a-findfp.o)
                0x00006fb4                __sinit_lock_release
 .text.__sinit  0x00006fc0       0x70 c:/program files (x86)/gnu arm embedded toolchain/10 2020-q4-major/bin/../lib/gcc/arm-none-eabi/10.2.1/../../../../arm-none-eabi/lib/thumb/v7e-m+fp/hard\libg_nano.a(lib_a-findfp.o)
                0x00006fc0                __sinit
 .text.__sfp    0x00007030       0x8c c:/program files (x86)/gnu arm embedded toolchain/10 2020-q4-major/bin/../lib/gcc/arm-none-eabi/10.2.1/../../../../arm-none-eabi/lib/thumb/v7e-m+fp/hard\libg_nano.a(lib_a-findfp.o)
                0x00007030                __sfp
 .text._fwalk_reent
                0x000070bc       0x3e c:/program files (x86)/gnu arm embedded toolchain/10 2020-q4-major/bin/../lib/gcc/arm-none-eabi/10.2.1/../../../../arm-none-eabi/lib/thumb/v7e-m+fp/hard\libg_nano.a(lib_a-fwalk.o)
                0x000070bc                _fwalk_reent
 .text.__retarget_lock_init_recursive
                0x000070fa        0x2 c:/program files (x86)/gnu arm embedded toolchain/10 2020-q4-major/bin/../lib/gcc/arm-none-eabi/10.2.1/../../../../arm-none-eabi/lib/thumb/v7e-m+fp/hard\libg_nano.a(lib_a-lock.o)
                0x000070fa                __retarget_lock_init_recursive
 .text.__retarget_lock_acquire_recursive
                0x000070fc        0x2 c:/program files (x86)/gnu arm embedded toolchain/10 2020-q4-major/bin/../lib/gcc/arm-none-eabi/10.2.1/../../../../arm-none-eabi/lib/thumb/v7e-m+fp/hard\libg_nano.a(lib_a-lock.o)
                0x000070fc                __retarget_lock_acquire_recursive
 .text.__retarget_lock_release_recursive
                0x000070fe        0x2 c:/program files (x86)/gnu arm embedded toolchain/10 2020-q4-major/bin/../lib/gcc/arm-none-eabi/10.2.1/../../../../arm-none-eabi/lib/thumb/v7e-m+fp/hard\libg_nano.a(lib_a-lock.o)
                0x000070fe                __retarget_lock_release_recursive
 .text.__swhatbuf_r
                0x00007100       0x4a c:/program files (x86)/gnu arm embedded toolchain/10 2020-q4-major/bin/../lib/gcc/arm-none-eabi/10.2.1/../../../../arm-none-eabi/lib/thumb/v7e-m+fp/hard\libg_nano.a(lib_a-makebuf.o)
                0x00007100                __swhatbuf_r
 *fill*         0x0000714a        0x2 
 .text.__smakebuf_r
                0x0000714c       0x80 c:/program files (x86)/gnu arm embedded toolchain/10 2020-q4-major/bin/../lib/gcc/arm-none-eabi/10.2.1/../../../../arm-none-eabi/lib/thumb/v7e-m+fp/hard\libg_nano.a(lib_a-makebuf.o)
                0x0000714c                __smakebuf_r
 .text.__malloc_lock
                0x000071cc        0xc c:/program files (x86)/gnu arm embedded toolchain/10 2020-q4-major/bin/../lib/gcc/arm-none-eabi/10.2.1/../../../../arm-none-eabi/lib/thumb/v7e-m+fp/hard\libg_nano.a(lib_a-mlock.o)
                0x000071cc                __malloc_lock
 .text.__malloc_unlock
                0x000071d8        0xc c:/program files (x86)/gnu arm embedded toolchain/10 2020-q4-major/bin/../lib/gcc/arm-none-eabi/10.2.1/../../../../arm-none-eabi/lib/thumb/v7e-m+fp/hard\libg_nano.a(lib_a-mlock.o)
                0x000071d8                __malloc_unlock
 .text.__ssputs_r
                0x000071e4       0xb6 c:/program files (x86)/gnu arm embedded toolchain/10 2020-q4-major/bin/../lib/gcc/arm-none-eabi/10.2.1/../../../../arm-none-eabi/lib/thumb/v7e-m+fp/hard\libg_nano.a(lib_a-nano-svfprintf.o)
                0x000071e4                __ssputs_r
 *fill*         0x0000729a        0x2 
 .text._svfprintf_r
                0x0000729c      0x200 c:/program files (x86)/gnu arm embedded toolchain/10 2020-q4-major/bin/../lib/gcc/arm-none-eabi/10.2.1/../../../../arm-none-eabi/lib/thumb/v7e-m+fp/hard\libg_nano.a(lib_a-nano-svfprintf.o)
                0x0000729c                _svfiprintf_r
                0x0000729c                _svfprintf_r
 .text.__sfputc_r
                0x0000749c       0x2e c:/program files (x86)/gnu arm embedded toolchain/10 2020-q4-major/bin/../lib/gcc/arm-none-eabi/10.2.1/../../../../arm-none-eabi/lib/thumb/v7e-m+fp/hard\libg_nano.a(lib_a-nano-vfprintf.o)
 .text.__sfputs_r
                0x000074ca       0x24 c:/program files (x86)/gnu arm embedded toolchain/10 2020-q4-major/bin/../lib/gcc/arm-none-eabi/10.2.1/../../../../arm-none-eabi/lib/thumb/v7e-m+fp/hard\libg_nano.a(lib_a-nano-vfprintf.o)
                0x000074ca                __sfputs_r
 *fill*         0x000074ee        0x2 
 .text._vfprintf_r
                0x000074f0      0x260 c:/program files (x86)/gnu arm embedded toolchain/10 2020-q4-major/bin/../lib/gcc/arm-none-eabi/10.2.1/../../../../arm-none-eabi/lib/thumb/v7e-m+fp/hard\libg_nano.a(lib_a-nano-vfprintf.o)
                0x000074f0                _vfprintf_r
                0x000074f0                _vfiprintf_r
 .text._printf_common
                0x00007750       0xda c:/program files (x86)/gnu arm embedded toolchain/10 2020-q4-major/bin/../lib/gcc/arm-none-eabi/10.2.1/../../../../arm-none-eabi/lib/thumb/v7e-m+fp/hard\libg_nano.a(lib_a-nano-vfprintf_i.o)
                0x00007750                _printf_common
 *fill*         0x0000782a        0x2 
 .text._printf_i
                0x0000782c      0x24c c:/program files (x86)/gnu arm embedded toolchain/10 2020-q4-major/bin/../lib/gcc/arm-none-eabi/10.2.1/../../../../arm-none-eabi/lib/thumb/v7e-m+fp/hard\libg_nano.a(lib_a-nano-vfprintf_i.o)
                0x0000782c                _printf_i
 .text.__sread  0x00007a78       0x22 c:/program files (x86)/gnu arm embedded toolchain/10 2020-q4-major/bin/../lib/gcc/arm-none-eabi/10.2.1/../../../../arm-none-eabi/lib/thumb/v7e-m+fp/hard\libg_nano.a(lib_a-stdio.o)
                0x00007a78                __sread
 .text.__swrite
                0x00007a9a       0x38 c:/program files (x86)/gnu arm embedded toolchain/10 2020-q4-major/bin/../lib/gcc/arm-none-eabi/10.2.1/../../../../arm-none-eabi/lib/thumb/v7e-m+fp/hard\libg_nano.a(lib_a-stdio.o)
                0x00007a9a                __swrite
 .text.__sseek  0x00007ad2       0x24 c:/program files (x86)/gnu arm embedded toolchain/10 2020-q4-major/bin/../lib/gcc/arm-none-eabi/10.2.1/../../../../arm-none-eabi/lib/thumb/v7e-m+fp/hard\libg_nano.a(lib_a-stdio.o)
                0x00007ad2                __sseek
 .text.__sclose
                0x00007af6        0x8 c:/program files (x86)/gnu arm embedded toolchain/10 2020-q4-major/bin/../lib/gcc/arm-none-eabi/10.2.1/../../../../arm-none-eabi/lib/thumb/v7e-m+fp/hard\libg_nano.a(lib_a-stdio.o)
                0x00007af6                __sclose
 *fill*         0x00007afe        0x2 
 .text._write_r
                0x00007b00       0x24 c:/program files (x86)/gnu arm embedded toolchain/10 2020-q4-major/bin/../lib/gcc/arm-none-eabi/10.2.1/../../../../arm-none-eabi/lib/thumb/v7e-m+fp/hard\libg_nano.a(lib_a-writer.o)
                0x00007b00                _write_r
 .text._close_r
                0x00007b24       0x20 c:/program files (x86)/gnu arm embedded toolchain/10 2020-q4-major/bin/../lib/gcc/arm-none-eabi/10.2.1/../../../../arm-none-eabi/lib/thumb/v7e-m+fp/hard\libg_nano.a(lib_a-closer.o)
                0x00007b24                _close_r
 .text._fstat_r
                0x00007b44       0x24 c:/program files (x86)/gnu arm embedded toolchain/10 2020-q4-major/bin/../lib/gcc/arm-none-eabi/10.2.1/../../../../arm-none-eabi/lib/thumb/v7e-m+fp/hard\libg_nano.a(lib_a-fstatr.o)
                0x00007b44                _fstat_r
 .text._isatty_r
                0x00007b68       0x20 c:/program files (x86)/gnu arm embedded toolchain/10 2020-q4-major/bin/../lib/gcc/arm-none-eabi/10.2.1/../../../../arm-none-eabi/lib/thumb/v7e-m+fp/hard\libg_nano.a(lib_a-isattyr.o)
                0x00007b68                _isatty_r
 .text._lseek_r
                0x00007b88       0x24 c:/program files (x86)/gnu arm embedded toolchain/10 2020-q4-major/bin/../lib/gcc/arm-none-eabi/10.2.1/../../../../arm-none-eabi/lib/thumb/v7e-m+fp/hard\libg_nano.a(lib_a-lseekr.o)
                0x00007b88                _lseek_r
 *fill*         0x00007bac        0x4 
 .text          0x00007bb0       0xa0 c:/program files (x86)/gnu arm embedded toolchain/10 2020-q4-major/bin/../lib/gcc/arm-none-eabi/10.2.1/../../../../arm-none-eabi/lib/thumb/v7e-m+fp/hard\libg_nano.a(lib_a-memchr.o)
                0x00007bb0                memchr
 .text._realloc_r
                0x00007c50       0x4c c:/program files (x86)/gnu arm embedded toolchain/10 2020-q4-major/bin/../lib/gcc/arm-none-eabi/10.2.1/../../../../arm-none-eabi/lib/thumb/v7e-m+fp/hard\libg_nano.a(lib_a-nano-reallocr.o)
                0x00007c50                _realloc_r
 .text._read_r  0x00007c9c       0x24 c:/program files (x86)/gnu arm embedded toolchain/10 2020-q4-major/bin/../lib/gcc/arm-none-eabi/10.2.1/../../../../arm-none-eabi/lib/thumb/v7e-m+fp/hard\libg_nano.a(lib_a-readr.o)
                0x00007c9c                _read_r
 .text._malloc_usable_size_r
                0x00007cc0       0x10 c:/program files (x86)/gnu arm embedded toolchain/10 2020-q4-major/bin/../lib/gcc/arm-none-eabi/10.2.1/../../../../arm-none-eabi/lib/thumb/v7e-m+fp/hard\libg_nano.a(lib_a-nano-msizer.o)
                0x00007cc0                _malloc_usable_size_r
 .text._fstat   0x00007cd0       0x10 c:/program files (x86)/gnu arm embedded toolchain/10 2020-q4-major/bin/../lib/gcc/arm-none-eabi/10.2.1/../../../../arm-none-eabi/lib/thumb/v7e-m+fp/hard\libnosys.a(fstat.o)
                0x00007cd0                _fstat
 .text._isatty  0x00007ce0       0x10 c:/program files (x86)/gnu arm embedded toolchain/10 2020-q4-major/bin/../lib/gcc/arm-none-eabi/10.2.1/../../../../arm-none-eabi/lib/thumb/v7e-m+fp/hard\libnosys.a(isatty.o)
                0x00007ce0                _isatty
 .text._sbrk    0x00007cf0       0x1c c:/program files (x86)/gnu arm embedded toolchain/10 2020-q4-major/bin/../lib/gcc/arm-none-eabi/10.2.1/../../../../arm-none-eabi/lib/thumb/v7e-m+fp/hard\libnosys.a(sbrk.o)
                0x00007cf0                _sbrk
 .text._exit    0x00007d0c        0x4 c:/program files (x86)/gnu arm embedded toolchain/10 2020-q4-major/bin/../lib/gcc/arm-none-eabi/10.2.1/../../../../arm-none-eabi/lib/thumb/v7e-m+fp/hard\libnosys.a(_exit.o)
                0x00007d0c                _exit
 *(.init)
 .init          0x00007d10        0x4 c:/program files (x86)/gnu arm embedded toolchain/10 2020-q4-major/bin/../lib/gcc/arm-none-eabi/10.2.1/thumb/v7e-m+fp/hard/crti.o
                0x00007d10                _init
 .init          0x00007d14        0x8 c:/program files (x86)/gnu arm embedded toolchain/10 2020-q4-major/bin/../lib/gcc/arm-none-eabi/10.2.1/thumb/v7e-m+fp/hard/crtn.o
 *(.fini)
 .fini          0x00007d1c        0x4 c:/program files (x86)/gnu arm embedded toolchain/10 2020-q4-major/bin/../lib/gcc/arm-none-eabi/10.2.1/thumb/v7e-m+fp/hard/crti.o
                0x00007d1c                _fini
 .fini          0x00007d20        0x8 c:/program files (x86)/gnu arm embedded toolchain/10 2020-q4-major/bin/../lib/gcc/arm-none-eabi/10.2.1/thumb/v7e-m+fp/hard/crtn.o
 *crtbegin.o(.ctors)
 *crtbegin?.o(.ctors)
 *(EXCLUDE_FILE(*crtend.o *crtend?.o) .ctors)
 *(SORT_BY_NAME(.ctors.*))
 *(.ctors)
 *crtbegin.o(.dtors)
 *crtbegin?.o(.dtors)
 *(EXCLUDE_FILE(*crtend.o *crtend?.o) .dtors)
 *(SORT_BY_NAME(.dtors.*))
 *(.dtors)
 *(.rodata*)
 .rodata.CLI_string_ptr_get_subcmd.str1.1
                0x00007d28        0xc output\\cli_args.o
 .rodata.handle_help.str1.1
                0x00007d34       0x2e output\\cli_loop.o
                                 0x33 (size before relaxing)
 .rodata.CLI_cmd_stack_push.str1.1
                0x00007d62       0x1a output\\cli_loop.o
 .rodata.CLI_cmd_stack_pop.str1.1
                0x00007d7c       0x16 output\\cli_loop.o
 .rodata.handle_exit.str1.1
                0x00007d92        0xa output\\cli_loop.o
 .rodata.CLI_print_prompt.str1.1
                0x00007d9c        0xd output\\cli_loop.o
 .rodata.CLI_dispatch_subcmd.str1.1
                0x00007da9       0x2a output\\cli_loop.o
 .rodata.CLI_dispatch.str1.1
                0x00007dd3       0x21 output\\cli_loop.o
 .rodata.CLI_verror.str1.1
                0x00007df4        0x8 output\\cli_loop.o
 .rodata.CLI_rx_byte.str1.1
                0x00007dfc        0x9 output\\cli_loop.o
 .rodata.str1.1
                0x00007e05       0x21 output\\cli_loop.o
                                 0x26 (size before relaxing)
 .rodata._backspace.0
                0x00007e26        0x4 output\\cli_loop.o
 *fill*         0x00007e2a        0x2 
 .rodata.std_cmds
                0x00007e2c       0x40 output\\cli_loop.o
 .rodata.CLI_error_missing_parameter.str1.1
                0x00007e6c        0xd output\\cli_misc.o
 .rodata.CLI_task.str1.1
                0x00007e79       0x42 output\\cli_platform.o
 .rodata.CLI_start_task.str1.1
                0x00007ebb       0x86 output\\cli_platform.o
 .rodata.dbg_str.str1.1
                0x00007f41       0x86 output\\dbg_uart.o
                                  0x3 (size before relaxing)
 .rodata._colon_tt.0
                0x00007f41        0x4 output\\dbg_uart.o
 .rodata.HAL_usbserial_init_common.str1.1
                0x00007f45       0x9d output\\eoss3_hal_fpga_usbserial.o
 .rodata.HAL_PAD_Config.str1.1
                0x00007fe2       0x7f output\\eoss3_hal_pad_config.o
 .rodata.IO_INPUT_PAD_SEL
                0x00008061       0x10 output\\eoss3_hal_pad_config.o
                0x00008061                IO_INPUT_PAD_SEL
 .rodata.SEL_EXT_PAD_REGS
                0x00008071      0x160 output\\eoss3_hal_pad_config.o
                0x00008071                SEL_EXT_PAD_REGS
 .rodata.unlock_spi1_bus.str1.1
                0x000081d1       0x36 output\\eoss3_hal_spi.o
 .rodata.SendEventToTimerThread.str1.1
                0x00008207       0x82 output\\eoss3_hal_timer.o
 .rodata.HAL_Timer_ISR.str1.1
                0x00008289       0x20 output\\eoss3_hal_timer.o
 .rodata.__FUNCTION__.6
                0x000082a9        0xe output\\eoss3_hal_timer.o
 .rodata.uart_init.str1.1
                0x000082b7        0xc output\\eoss3_hal_uart.o
 *fill*         0x000082c3        0x1 
 .rodata.CSWTCH.25
                0x000082c4       0x28 output\\eoss3_hal_uart.o
 .rodata.WDT_ISR.str1.1
                0x000082ec       0x4d output\\eoss3_hal_wdt.o
 .rodata.__FUNCTION__.2
                0x00008339        0x8 output\\eoss3_hal_wdt.o
 .rodata.spurious_interrupt.str1.1
                0x00008341        0xd output\\exceptions.o
 .rodata.prvGetRegistersFromStack.str1.1
                0x0000834e       0x44 output\\exceptions.o
 .rodata.vApplicationMallocFailedHook.str1.1
                0x00008392       0x20 output\\exceptions.o
 .rodata.vApplicationStackOverflowHook.str1.1
                0x000083b2       0x21 output\\exceptions.o
 .rodata.lcd_write_status.str1.1
                0x000083d3       0x28 output\\hackster_app.o
 .rodata.send_sdcard_data.str1.1
                0x000083fb        0x8 output\\hackster_app.o
 .rodata.periodic_data.str1.1
                0x00008403       0x28 output\\hackster_app.o
 .rodata.run_hackster_task.str1.1
                0x0000842b       0xa2 output\\hackster_app.o
 .rodata.air_quality_prediction.str1.1
                0x000084cd       0x84 output\\hackster_app.o
 .rodata.pvPortMalloc.str1.1
                0x00008551       0x82 output\\heap_4.o
 .rodata.vPortFree.str1.1
                0x000085d3       0x35 output\\heap_4.o
 .rodata.main.str1.1
                0x00008608       0xbf output\\main.o
                                 0xc4 (size before relaxing)
 .rodata.userbutton.str1.1
                0x000086c7       0x14 output\\main_dbg_cli_menu.o
 .rodata.str1.1
                0x000086db       0x8a output\\main_dbg_cli_menu.o
 *fill*         0x00008765        0x3 
 .rodata.my_main_menu
                0x00008768       0x20 output\\main_dbg_cli_menu.o
                0x00008768                my_main_menu
 .rodata.qf_diagnostic
                0x00008788       0x50 output\\main_dbg_cli_menu.o
                0x00008788                qf_diagnostic
 .rodata.prvTaskExitError.str1.1
                0x000087d8       0x95 output\\port.o
 .rodata.xQueueGenericReset.str1.1
                0x0000886d       0x70 output\\queue.o
 .rodata.S3x_Clk_Init.str1.1
                0x000088dd       0x88 output\\s3x_clock.o
 .rodata.DFS_StartTimer.str1.1
                0x00008965       0x89 output\\s3x_dfs.o
 .rodata.S3x_Set_Policy.str1.1
                0x000089ee       0x17 output\\s3x_dfs.o
 .rodata.S3x_Lpm_Handler.str1.1
                0x00008a05       0xa8 output\\s3x_lpm.o
 .rodata.s3x_pi_set_active_st.str1.1
                0x00008aad       0x2f output\\s3x_pi.o
 .rodata.__func__.0
                0x00008adc       0x15 output\\s3x_pi.o
 .rodata.save_assert_info.str1.1
                0x00008af1       0x1c output\\sec_debug.o
 .rodata.invoke_soft_fault.str1.1
                0x00008b0d        0xc output\\sec_debug.o
 .rodata        0x00008b19        0x8 output\\sec_debug.o
 .rodata.prvTaskIsTaskSuspended.str1.1
                0x00008b21       0x70 output\\tasks.o
 .rodata.vTaskStartScheduler.str1.1
                0x00008b91        0x5 output\\tasks.o
 .rodata.prvCheckForValidListAndQueue.str1.1
                0x00008b96        0x5 output\\timers.o
 .rodata.xTimerCreateTimerTask.str1.1
                0x00008b9b       0x79 output\\timers.o
 .rodata.axFPGABitStream
                0x00008c14    0x128b8 output\\usb2serial.o
                0x00008c14                axFPGABitStream
 .rodata._global_impure_ptr
                0x0001b4cc        0x4 c:/program files (x86)/gnu arm embedded toolchain/10 2020-q4-major/bin/../lib/gcc/arm-none-eabi/10.2.1/../../../../arm-none-eabi/lib/thumb/v7e-m+fp/hard\libg_nano.a(lib_a-impure.o)
                0x0001b4cc                _global_impure_ptr
 .rodata.__sf_fake_stderr
                0x0001b4d0       0x20 c:/program files (x86)/gnu arm embedded toolchain/10 2020-q4-major/bin/../lib/gcc/arm-none-eabi/10.2.1/../../../../arm-none-eabi/lib/thumb/v7e-m+fp/hard\libg_nano.a(lib_a-findfp.o)
                0x0001b4d0                __sf_fake_stderr
 .rodata.__sf_fake_stdin
                0x0001b4f0       0x20 c:/program files (x86)/gnu arm embedded toolchain/10 2020-q4-major/bin/../lib/gcc/arm-none-eabi/10.2.1/../../../../arm-none-eabi/lib/thumb/v7e-m+fp/hard\libg_nano.a(lib_a-findfp.o)
                0x0001b4f0                __sf_fake_stdin
 .rodata.__sf_fake_stdout
                0x0001b510       0x20 c:/program files (x86)/gnu arm embedded toolchain/10 2020-q4-major/bin/../lib/gcc/arm-none-eabi/10.2.1/../../../../arm-none-eabi/lib/thumb/v7e-m+fp/hard\libg_nano.a(lib_a-findfp.o)
                0x0001b510                __sf_fake_stdout
 .rodata._svfprintf_r.str1.1
                0x0001b530       0x11 c:/program files (x86)/gnu arm embedded toolchain/10 2020-q4-major/bin/../lib/gcc/arm-none-eabi/10.2.1/../../../../arm-none-eabi/lib/thumb/v7e-m+fp/hard\libg_nano.a(lib_a-nano-svfprintf.o)
 .rodata._vfprintf_r.str1.1
                0x0001b541       0x11 c:/program files (x86)/gnu arm embedded toolchain/10 2020-q4-major/bin/../lib/gcc/arm-none-eabi/10.2.1/../../../../arm-none-eabi/lib/thumb/v7e-m+fp/hard\libg_nano.a(lib_a-nano-vfprintf.o)
 .rodata._printf_i.str1.1
                0x0001b541       0x22 c:/program files (x86)/gnu arm embedded toolchain/10 2020-q4-major/bin/../lib/gcc/arm-none-eabi/10.2.1/../../../../arm-none-eabi/lib/thumb/v7e-m+fp/hard\libg_nano.a(lib_a-nano-vfprintf_i.o)
 *(.eh_fram e*)

.eh_frame       0x0001b564        0x0
 .eh_frame      0x0001b564        0x0 c:/program files (x86)/gnu arm embedded toolchain/10 2020-q4-major/bin/../lib/gcc/arm-none-eabi/10.2.1/thumb/v7e-m+fp/hard/crtbegin.o

.glue_7         0x0001b564        0x0
 .glue_7        0x0001b564        0x0 linker stubs

.glue_7t        0x0001b564        0x0
 .glue_7t       0x0001b564        0x0 linker stubs

.vfp11_veneer   0x0001b564        0x0
 .vfp11_veneer  0x0001b564        0x0 linker stubs

.v4_bx          0x0001b564        0x0
 .v4_bx         0x0001b564        0x0 linker stubs

.iplt           0x0001b564        0x0
 .iplt          0x0001b564        0x0 c:/program files (x86)/gnu arm embedded toolchain/10 2020-q4-major/bin/../lib/gcc/arm-none-eabi/10.2.1/thumb/v7e-m+fp/hard/crtbegin.o

.ARM.extab
 *(.ARM.extab* .gnu.linkonce.armextab.*)
                0x0001b563                __exidx_start = .

.ARM.exidx      0x0001b564        0x8
 *(.ARM.exidx* .gnu.linkonce.armexidx.*)
 .ARM.exidx     0x0001b564        0x8 c:/program files (x86)/gnu arm embedded toolchain/10 2020-q4-major/bin/../lib/gcc/arm-none-eabi/10.2.1/../../../../arm-none-eabi/lib/thumb/v7e-m+fp/hard/crt0.o
                                 0x10 (size before relaxing)
 .ARM.exidx     0x0001b56c        0x0 c:/program files (x86)/gnu arm embedded toolchain/10 2020-q4-major/bin/../lib/gcc/arm-none-eabi/10.2.1/thumb/v7e-m+fp/hard\libgcc.a(_udivmoddi4.o)
                                  0x8 (size before relaxing)
                0x0001b56c                __exidx_end = .
                0x0001b56c                __etext = .
                0x0001b56c                _sidata = __etext

.rel.dyn        0x0001b56c        0x0
 .rel.iplt      0x0001b56c        0x0 c:/program files (x86)/gnu arm embedded toolchain/10 2020-q4-major/bin/../lib/gcc/arm-none-eabi/10.2.1/thumb/v7e-m+fp/hard/crtbegin.o

.data           0x20027000      0x9b8 load address 0x0001b56c
                0x20027000                __data_start__ = .
                0x20027000                _sdata = __data_start__
 *(vtable)
 *(.data*)
 .data._dbg_uart_id
                0x20027000        0x4 output\\dbg_uart.o
                0x20027000                _dbg_uart_id
 .data._semihost_handle
                0x20027004        0x4 output\\dbg_uart.o
                0x20027004                _semihost_handle
 .data.pcDbgBuffer
                0x20027008        0x4 output\\dbg_uart.o
                0x20027008                pcDbgBuffer
 .data.pcDbgBufferLim
                0x2002700c        0x4 output\\dbg_uart.o
                0x2002700c                pcDbgBufferLim
 .data.pusbserial_regs
                0x20027010        0x4 output\\eoss3_hal_fpga_usbserial.o
                0x20027010                pusbserial_regs
 .data.rtc_alarm_interval
                0x20027014        0x4 output\\eoss3_hal_rtc.o
 .data.pincfg_table
                0x20027018      0x170 output\\pincfg_table.o
                0x20027018                pincfg_table
 .data.sizeof_pincfg_table
                0x20027188        0x4 output\\pincfg_table.o
                0x20027188                sizeof_pincfg_table
 .data.uxCriticalNesting
                0x2002718c        0x4 output\\port.o
 .data.S3x_Clk_Domain_Gate_info
                0x20027190       0x90 output\\s3x_clock.o
                0x20027190                S3x_Clk_Domain_Gate_info
 .data.policyCurrent
                0x20027220        0x1 output\\s3x_dfs.o
 .data.s3x_dfs_enable
                0x20027221        0x1 output\\s3x_dfs.o
 .data.stepdown_clkd_index
                0x20027222        0x4 output\\s3x_dfs.o
                0x20027222                stepdown_clkd_index
 .data.stepup_clkd_index
                0x20027226        0x4 output\\s3x_dfs.o
                0x20027226                stepup_clkd_index
 .data.S3x_Gate_PI_info
                0x2002722a       0x48 output\\s3x_pi.o
                0x2002722a                S3x_Gate_PI_info
 .data.S3Pi     0x20027272      0x1dc output\\s3x_pwrcfg.o
                0x20027272                S3Pi
 *fill*         0x2002744e        0x2 
 .data.S3clk    0x20027450      0x450 output\\s3x_pwrcfg.o
                0x20027450                S3clk
 .data.dfs_node
                0x200278a0       0xa0 output\\s3x_pwrcfg.o
                0x200278a0                dfs_node
 .data.policyInitial
                0x20027940        0x1 output\\s3x_pwrcfg.o
                0x20027940                policyInitial
 *fill*         0x20027941        0x3 
 .data.sram_lpm_blocks
                0x20027944        0x4 output\\s3x_pwrcfg.o
 .data.axFPGABitStream_length
                0x20027948        0x4 output\\usb2serial.o
                0x20027948                axFPGABitStream_length
 .data._impure_ptr
                0x2002794c        0x4 c:/program files (x86)/gnu arm embedded toolchain/10 2020-q4-major/bin/../lib/gcc/arm-none-eabi/10.2.1/../../../../arm-none-eabi/lib/thumb/v7e-m+fp/hard\libg_nano.a(lib_a-impure.o)
                0x2002794c                _impure_ptr
 .data.impure_data
                0x20027950       0x60 c:/program files (x86)/gnu arm embedded toolchain/10 2020-q4-major/bin/../lib/gcc/arm-none-eabi/10.2.1/../../../../arm-none-eabi/lib/thumb/v7e-m+fp/hard\libg_nano.a(lib_a-impure.o)
                0x200279b0                . = ALIGN (0x4)
                0x200279b0                PROVIDE (__preinit_array_start = .)
 *(.preinit_array)
                0x200279b0                PROVIDE (__preinit_array_end = .)
                0x200279b0                . = ALIGN (0x4)
                0x200279b0                PROVIDE (__init_array_start = .)
 *(SORT_BY_NAME(.init_array.*))
 *(.init_array)
 .init_array    0x200279b0        0x4 c:/program files (x86)/gnu arm embedded toolchain/10 2020-q4-major/bin/../lib/gcc/arm-none-eabi/10.2.1/thumb/v7e-m+fp/hard/crtbegin.o
                0x200279b4                PROVIDE (__init_array_end = .)
                0x200279b4                . = ALIGN (0x4)
                [!provide]                PROVIDE (__fini_array_start = .)
 *(SORT_BY_NAME(.fini_array.*))
 *(.fini_array)
 .fini_array    0x200279b4        0x4 c:/program files (x86)/gnu arm embedded toolchain/10 2020-q4-major/bin/../lib/gcc/arm-none-eabi/10.2.1/thumb/v7e-m+fp/hard/crtbegin.o
                [!provide]                PROVIDE (__fini_array_end = .)
 *(.jcr*)
                0x200279b8                . = ALIGN (0x4)
                0x200279b8                __data_end__ = .
                0x200279b8                _edata = __data_end__

.igot.plt       0x200279b8        0x0 load address 0x0001bf24
 .igot.plt      0x200279b8        0x0 c:/program files (x86)/gnu arm embedded toolchain/10 2020-q4-major/bin/../lib/gcc/arm-none-eabi/10.2.1/thumb/v7e-m+fp/hard/crtbegin.o

.Hardware       0x20064000        0x0
                0x20064000                __hwa_start__ = .
 *(*HWA*)
                0x20064000                __hwa_end__ = .

.bss            0x200279b8    0x10474
                0x200279b8                . = ALIGN (0x4)
                0x200279b8                __bss_start__ = .
                0x200279b8                _sbss = __bss_start__
 *(.bss*)
 .bss           0x200279b8       0x1c c:/program files (x86)/gnu arm embedded toolchain/10 2020-q4-major/bin/../lib/gcc/arm-none-eabi/10.2.1/thumb/v7e-m+fp/hard/crtbegin.o
 .bss.outbuf.0  0x200279d4       0x64 output\\cli_io.o
 .bss.last_was_cr.1
                0x20027a38        0x4 output\\cli_loop.o
 .bss.CLI_common
                0x20027a3c      0x268 output\\cli_platform.o
                0x20027a3c                CLI_common
 .bss.xHandleTestCli
                0x20027ca4        0x4 output\\cli_platform.o
                0x20027ca4                xHandleTestCli
 .bss.__debug_fatal__
                0x20027ca8        0x4 output\\dbg_uart.o
                0x20027ca8                __debug_fatal__
 .bss.acDbgBuffer
                0x20027cac      0x800 output\\dbg_uart.o
                0x20027cac                acDbgBuffer
 .bss.fSkipSemi
                0x200284ac        0x1 output\\dbg_uart.o
                0x200284ac                fSkipSemi
 *fill*         0x200284ad        0x3 
 .bss.qhUSBserialRx
                0x200284b0        0x4 output\\eoss3_hal_fpga_usbserial.o
 *fill*         0x200284b4        0x4 
 .bss.fPadIsConfig
                0x200284b8        0x8 output\\eoss3_hal_pad_config.o
                0x200284b8                fPadIsConfig
 .bss.rtc_cb_func
                0x200284c0        0x4 output\\eoss3_hal_rtc.o
 .bss.SPIHandle
                0x200284c4        0x4 output\\eoss3_hal_spi.o
                0x200284c4                SPIHandle
 .bss.xLockSPI1Bus
                0x200284c8        0x4 output\\eoss3_hal_spi.o
 .bss.xWaitForIntr
                0x200284cc        0x4 output\\eoss3_hal_spi.o
 .bss.TimerQueue
                0x200284d0        0x4 output\\eoss3_hal_timer.o
 .bss.TimerToExpire
                0x200284d4        0x4 output\\eoss3_hal_timer.o
 .bss.uart_bad_tx_char
                0x200284d8        0x4 output\\eoss3_hal_uart.o
                0x200284d8                uart_bad_tx_char
 .bss.uart_vars
                0x200284dc       0x44 output\\eoss3_hal_uart.o
 .bss.WDT_Handle
                0x20028520       0x10 output\\eoss3_hal_wdt.o
 .bss.isrcount.1
                0x20028530        0x4 output\\eoss3_hal_wdt.o
 .bss.FB_ISR    0x20028534       0x10 output\\exceptions.o
                0x20028534                FB_ISR
 .bss.gv_hardfault_args
                0x20028544       0x28 output\\exceptions.o
                0x20028544                gv_hardfault_args
 .bss.hardfault_loop
                0x2002856c        0x4 output\\exceptions.o
                0x2002856c                hardfault_loop
 .bss.ucount    0x20028570        0x4 output\\exceptions.o
                0x20028570                ucount
 .bss.urxcount  0x20028574        0x4 output\\exceptions.o
                0x20028574                urxcount
 .bss.PM1       0x20028578        0x2 output\\hackster_app.o
                0x20028578                PM1
 .bss.PM10      0x2002857a        0x2 output\\hackster_app.o
                0x2002857a                PM10
 .bss.PM10_pred1
                0x2002857c        0x2 output\\hackster_app.o
                0x2002857c                PM10_pred1
 .bss.PM10_pred2
                0x2002857e        0x2 output\\hackster_app.o
                0x2002857e                PM10_pred2
 .bss.PM10_pred3
                0x20028580        0x2 output\\hackster_app.o
                0x20028580                PM10_pred3
 .bss.PM1_pred1
                0x20028582        0x2 output\\hackster_app.o
                0x20028582                PM1_pred1
 .bss.PM1_pred2
                0x20028584        0x2 output\\hackster_app.o
                0x20028584                PM1_pred2
 .bss.PM1_pred3
                0x20028586        0x2 output\\hackster_app.o
                0x20028586                PM1_pred3
 .bss.PM25      0x20028588        0x2 output\\hackster_app.o
                0x20028588                PM25
 .bss.PM25_pred1
                0x2002858a        0x2 output\\hackster_app.o
                0x2002858a                PM25_pred1
 .bss.PM25_pred2
                0x2002858c        0x2 output\\hackster_app.o
                0x2002858c                PM25_pred2
 .bss.PM25_pred3
                0x2002858e        0x2 output\\hackster_app.o
                0x2002858e                PM25_pred3
 .bss.uart_rx_buff
                0x20028590       0x80 output\\hackster_app.o
                0x20028590                uart_rx_buff
 .bss.xBt1Handle
                0x20028610        0x4 output\\hackster_app.o
                0x20028610                xBt1Handle
 .bss.xBt2Handle
                0x20028614        0x4 output\\hackster_app.o
                0x20028614                xBt2Handle
 .bss.xBt3Handle
                0x20028618        0x4 output\\hackster_app.o
                0x20028618                xBt3Handle
 .bss.xPeriodicHandle
                0x2002861c        0x4 output\\hackster_app.o
                0x2002861c                xPeriodicHandle
 .bss.xUartRxHandle
                0x20028620        0x4 output\\hackster_app.o
                0x20028620                xUartRxHandle
 .bss.pxEnd     0x20028624        0x4 output\\heap_4.o
 .bss.ucHeap    0x20028628     0xf000 output\\heap_4.o
 .bss.xBlockAllocatedBit
                0x20037628        0x4 output\\heap_4.o
 .bss.xFreeBytesRemaining
                0x2003762c        0x4 output\\heap_4.o
 .bss.xMinimumEverFreeBytesRemaining
                0x20037630        0x4 output\\heap_4.o
 .bss.xStart    0x20037634        0x8 output\\heap_4.o
 .bss.SOFTWARE_VERSION_STR
                0x2003763c        0x4 output\\main.o
                0x2003763c                SOFTWARE_VERSION_STR
 .bss.fLit.0    0x20037640        0x1 output\\main_dbg_cli_menu.o
 .bss.fLit.1    0x20037641        0x1 output\\main_dbg_cli_menu.o
 .bss.fLit.2    0x20037642        0x1 output\\main_dbg_cli_menu.o
 .bss.ucMaxSysCallPriority
                0x20037643        0x1 output\\port.o
 .bss.ulMaxPRIGROUPValue
                0x20037644        0x4 output\\port.o
 .bss.uxGlobalQueueNumber
                0x20037648        0x4 output\\queue.o
 .bss.xQueueRegistry
                0x2003764c      0x100 output\\queue.o
                0x2003764c                xQueueRegistry
 .bss.Hsosc     0x2003774c        0xc output\\s3x_clock.o
                0x2003774c                Hsosc
 .bss.ticksSleeptime
                0x20037758        0x4 output\\s3x_cpuload.o
 .bss.DFS_TimerHandle
                0x2003775c        0x4 output\\s3x_dfs.o
 .bss.cruReg0x000
                0x20037760        0x4 output\\s3x_dfs.o
 .bss.freqHsoscBeforeSleep
                0x20037764        0x4 output\\s3x_dfs.o
 .bss.policyBeforeSleep
                0x20037768        0x1 output\\s3x_dfs.o
 .bss.policyDuringSleep
                0x20037769        0x1 output\\s3x_dfs.o
 *fill*         0x2003776a        0x2 
 .bss.policyMaxrate
                0x2003776c        0x4 output\\s3x_dfs.o